#2026 09 10 00:22:51.812#Z#DEBUG#95691efe-acad-11f1-bceb-eeee0a8894dd.mycapapp-srv#flowable-async-job-executor-thread-28410#
[PollStageAppStatusExecution] 3005b015-2937-4589-811f-cd9a45fbef58 [2026-09-10T00:11:11.507278] Uploading app package for app with guid 3005b015-2937-4589-811f-cd9a45fbef58 (STDOUT, API)#
#2026 09 10 00:22:51.812#Z#DEBUG#95691efe-acad-11f1-bceb-eeee0a8894dd.mycapapp-srv#flowable-async-job-executor-thread-28410#
[PollStageAppStatusExecution] 3005b015-2937-4589-811f-cd9a45fbef58 [2026-09-10T00:11:11.695951] Updated app with guid 3005b015-2937-4589-811f-cd9a45fbef58 ({"environment_variables"=>"[PRIVATE DATA HIDDEN]"}) (STDOUT, API)#
#2026 09 10 00:22:51.812#Z#DEBUG#95691efe-acad-11f1-bceb-eeee0a8894dd.mycapapp-srv#flowable-async-job-executor-thread-28410#
[PollStageAppStatusExecution] 3005b015-2937-4589-811f-cd9a45fbef58 [2026-09-10T00:11:15.040098] Creating revision for app with guid 3005b015-2937-4589-811f-cd9a45fbef58 (STDOUT, API)#
#2026 09 10 00:22:51.812#Z#DEBUG#95691efe-acad-11f1-bceb-eeee0a8894dd.mycapapp-srv#flowable-async-job-executor-thread-28410#
[PollStageAppStatusExecution] 3005b015-2937-4589-811f-cd9a45fbef58 [2026-09-10T00:11:15.089070] Starting app with guid 3005b015-2937-4589-811f-cd9a45fbef58 (STDOUT, API)#
#2026 09 10 00:22:51.812#Z#DEBUG#95691efe-acad-11f1-bceb-eeee0a8894dd.mycapapp-srv#flowable-async-job-executor-thread-28410#
[PollStageAppStatusExecution] 3005b015-2937-4589-811f-cd9a45fbef58 [2026-09-10T00:11:15.353623] Cell c839c7b1-088e-41af-b9b7-66256aacd457 creating container for instance 93addbd7-a574-4b11-5292-5445 (STDOUT, CELL)#
#2026 09 10 00:22:51.812#Z#DEBUG#95691efe-acad-11f1-bceb-eeee0a8894dd.mycapapp-srv#flowable-async-job-executor-thread-28410#
[PollStageAppStatusExecution] 3005b015-2937-4589-811f-cd9a45fbef58 [2026-09-10T00:11:15.872045] Security group rules were updated (STDOUT, CELL)#
#2026 09 10 00:22:51.812#Z#DEBUG#95691efe-acad-11f1-bceb-eeee0a8894dd.mycapapp-srv#flowable-async-job-executor-thread-28410#
[PollStageAppStatusExecution] 3005b015-2937-4589-811f-cd9a45fbef58 [2026-09-10T00:11:15.955635] Cell c839c7b1-088e-41af-b9b7-66256aacd457 successfully created container for instance 93addbd7-a574-4b11-5292-5445 (STDOUT, CELL)#
#2026 09 10 00:22:51.812#Z#DEBUG#95691efe-acad-11f1-bceb-eeee0a8894dd.mycapapp-srv#flowable-async-job-executor-thread-28410#
[PollStageAppStatusExecution] 3005b015-2937-4589-811f-cd9a45fbef58 [2026-09-10T00:11:16.356067] Downloading droplet... (STDOUT, CELL)#
#2026 09 10 00:22:51.812#Z#DEBUG#95691efe-acad-11f1-bceb-eeee0a8894dd.mycapapp-srv#flowable-async-job-executor-thread-28410#
[PollStageAppStatusExecution] 3005b015-2937-4589-811f-cd9a45fbef58 [2026-09-10T00:11:20.290936] Downloaded droplet (61.8M) (STDOUT, CELL)#
#2026 09 10 00:22:51.812#Z#DEBUG#95691efe-acad-11f1-bceb-eeee0a8894dd.mycapapp-srv#flowable-async-job-executor-thread-28410#
[PollStageAppStatusExecution] 3005b015-2937-4589-811f-cd9a45fbef58 [2026-09-10T00:11:20.291097] Starting health monitoring of container (STDOUT, CELL)#
#2026 09 10 00:22:51.812#Z#DEBUG#95691efe-acad-11f1-bceb-eeee0a8894dd.mycapapp-srv#flowable-async-job-executor-thread-28410#
[PollStageAppStatusExecution] 3005b015-2937-4589-811f-cd9a45fbef58 [2026-09-10T00:11:20.393609] Invoking pre-start scripts. (STDOUT, APP/PROC/WEB)#
#2026 09 10 00:22:51.812#Z#DEBUG#95691efe-acad-11f1-bceb-eeee0a8894dd.mycapapp-srv#flowable-async-job-executor-thread-28410#
[PollStageAppStatusExecution] 3005b015-2937-4589-811f-cd9a45fbef58 [2026-09-10T00:11:20.619208] Invoking start command. (STDOUT, APP/PROC/WEB)#
#2026 09 10 00:22:51.812#Z#DEBUG#95691efe-acad-11f1-bceb-eeee0a8894dd.mycapapp-srv#flowable-async-job-executor-thread-28410#
[PollStageAppStatusExecution] 3005b015-2937-4589-811f-cd9a45fbef58 [2026-09-10T00:11:21.052540] > mycapapp@1.0.0 start (STDOUT, APP/PROC/WEB)#
#2026 09 10 00:22:51.812#Z#DEBUG#95691efe-acad-11f1-bceb-eeee0a8894dd.mycapapp-srv#flowable-async-job-executor-thread-28410#
[PollStageAppStatusExecution] 3005b015-2937-4589-811f-cd9a45fbef58 [2026-09-10T00:11:21.052576] > cds-serve (STDOUT, APP/PROC/WEB)#
#2026 09 10 00:22:51.812#Z#DEBUG#95691efe-acad-11f1-bceb-eeee0a8894dd.mycapapp-srv#flowable-async-job-executor-thread-28410#
[PollStageAppStatusExecution] 3005b015-2937-4589-811f-cd9a45fbef58 [2026-09-10T00:11:21.483606] {"level":"info","logger":"cds","timestamp":"2026-09-10T00:11:21.482Z","layer":"cds","component_type":"application","container_id":"10.32.2.6","component_id":"3005b015-2937-4589-811f-cd9a45fbef58","component_name":"mycapapp-srv","component_instance":0,"source_instance":0,"organization_name":"18f2d7c5trial","organization_id":"8dcffcde-077b-4676-b7c4-6202b5503e6c","space_name":"dev","space_id":"e0b56b85-8b5c-4827-aaef-5eb4adf02e14","msg":"loaded model from 1 file(s):\n ","type":"log"} (STDOUT, APP/PROC/WEB)#
#2026 09 10 00:22:51.812#Z#DEBUG#95691efe-acad-11f1-bceb-eeee0a8894dd.mycapapp-srv#flowable-async-job-executor-thread-28410#
[PollStageAppStatusExecution] 3005b015-2937-4589-811f-cd9a45fbef58 [2026-09-10T00:11:21.483865] srv/csn.json (STDOUT, APP/PROC/WEB)#
#2026 09 10 00:22:51.812#Z#DEBUG#95691efe-acad-11f1-bceb-eeee0a8894dd.mycapapp-srv#flowable-async-job-executor-thread-28410#
[PollStageAppStatusExecution] 3005b015-2937-4589-811f-cd9a45fbef58 [2026-09-10T00:11:21.527576] Creating build for app with guid 3005b015-2937-4589-811f-cd9a45fbef58 (STDOUT, API)#
#2026 09 10 00:22:51.812#Z#DEBUG#95691efe-acad-11f1-bceb-eeee0a8894dd.mycapapp-srv#flowable-async-job-executor-thread-28410#
[PollStageAppStatusExecution] 3005b015-2937-4589-811f-cd9a45fbef58 [2026-09-10T00:11:21.751027] {"level":"info","logger":"cds","timestamp":"2026-09-10T00:11:21.750Z","layer":"cds","component_type":"application","container_id":"10.32.2.6","component_id":"3005b015-2937-4589-811f-cd9a45fbef58","component_name":"mycapapp-srv","component_instance":0,"source_instance":0,"organization_name":"18f2d7c5trial","organization_id":"8dcffcde-077b-4676-b7c4-6202b5503e6c","space_name":"dev","space_id":"e0b56b85-8b5c-4827-aaef-5eb4adf02e14","msg":"connect to db > hana {\n  database_id: 'e56bf288-b2b4-4a52-88b3-b6c56c599e3d',\n  host: 'e56bf288-b2b4-4a52-88b3-b6c56c599e3d.hna0.prod-us10.hanacloud.ondemand.com',\n  port: '443',\n  driver: 'com.sap.db.jdbc.Driver',\n  url: 'jdbc:sap://e56bf288-b2b4-4a52-88b3-b6c56c599e3d.hna0.prod-us10.hanacloud.ondemand.com:443?encrypt=true&validateCertificate=true&currentschema=E12BDA7236DD4FC8ADEFF48F9F92BFDB',\n  schema: 'E12BDA7236DD4FC8ADEFF48F9F92BFDB',\n  certificate: '...',\n  hdi_user: 'E12BDA7236DD4FC8ADEFF48F9F92BFDB_9WORLKUDZ4NF9BFUKV1W2VXVJ_DT',\n  hdi_password: '...',\n  user: 'E12BDA7236DD4FC8ADEFF48F9F92BFDB_9WORLKUDZ4NF9BFUKV1W2VXVJ_RT',\n  password: '...'\n}","type":"log"} (STDOUT, APP/PROC/WEB)#
#2026 09 10 00:22:51.812#Z#DEBUG#95691efe-acad-11f1-bceb-eeee0a8894dd.mycapapp-srv#flowable-async-job-executor-thread-28410#
[PollStageAppStatusExecution] 3005b015-2937-4589-811f-cd9a45fbef58 [2026-09-10T00:11:21.782879] {"level":"info","logger":"cds","timestamp":"2026-09-10T00:11:21.782Z","layer":"cds","component_type":"application","container_id":"10.32.2.6","component_id":"3005b015-2937-4589-811f-cd9a45fbef58","component_name":"mycapapp-srv","component_instance":0,"source_instance":0,"organization_name":"18f2d7c5trial","organization_id":"8dcffcde-077b-4676-b7c4-6202b5503e6c","space_name":"dev","space_id":"e0b56b85-8b5c-4827-aaef-5eb4adf02e14","msg":"using auth strategy { kind: 'xsuaa' }","type":"log"} (STDOUT, APP/PROC/WEB)#
#2026 09 10 00:22:51.812#Z#DEBUG#95691efe-acad-11f1-bceb-eeee0a8894dd.mycapapp-srv#flowable-async-job-executor-thread-28410#
[PollStageAppStatusExecution] 3005b015-2937-4589-811f-cd9a45fbef58 [2026-09-10T00:11:21.839003] {"level":"info","logger":"cds","timestamp":"2026-09-10T00:11:21.838Z","layer":"cds","component_type":"application","container_id":"10.32.2.6","component_id":"3005b015-2937-4589-811f-cd9a45fbef58","component_name":"mycapapp-srv","component_instance":0,"source_instance":0,"organization_name":"18f2d7c5trial","organization_id":"8dcffcde-077b-4676-b7c4-6202b5503e6c","space_name":"dev","space_id":"e0b56b85-8b5c-4827-aaef-5eb4adf02e14","msg":"serving CDSService {\n  at: [ '/odata/v4/CDSService' ],\n  decl: 'srv/csn.json:1261',\n  impl: 'srv/CDSService.js'\n}","type":"log"} (STDOUT, APP/PROC/WEB)#
#2026 09 10 00:22:51.812#Z#DEBUG#95691efe-acad-11f1-bceb-eeee0a8894dd.mycapapp-srv#flowable-async-job-executor-thread-28410#
[PollStageAppStatusExecution] 3005b015-2937-4589-811f-cd9a45fbef58 [2026-09-10T00:11:21.840246] {"level":"info","logger":"cds","timestamp":"2026-09-10T00:11:21.839Z","layer":"cds","component_type":"application","container_id":"10.32.2.6","component_id":"3005b015-2937-4589-811f-cd9a45fbef58","component_name":"mycapapp-srv","component_instance":0,"source_instance":0,"organization_name":"18f2d7c5trial","organization_id":"8dcffcde-077b-4676-b7c4-6202b5503e6c","space_name":"dev","space_id":"e0b56b85-8b5c-4827-aaef-5eb4adf02e14","msg":"serving CatelogService {\n  at: [ '/odata/v4/CatelogService' ],\n  decl: 'srv/csn.json:1414',\n  impl: 'srv/CatelogService.js'\n}","type":"log"} (STDOUT, APP/PROC/WEB)#
#2026 09 10 00:22:51.812#Z#DEBUG#95691efe-acad-11f1-bceb-eeee0a8894dd.mycapapp-srv#flowable-async-job-executor-thread-28410#
[PollStageAppStatusExecution] 3005b015-2937-4589-811f-cd9a45fbef58 [2026-09-10T00:11:21.841043] {"level":"info","logger":"cds","timestamp":"2026-09-10T00:11:21.840Z","layer":"cds","component_type":"application","container_id":"10.32.2.6","component_id":"3005b015-2937-4589-811f-cd9a45fbef58","component_name":"mycapapp-srv","component_instance":0,"source_instance":0,"organization_name":"18f2d7c5trial","organization_id":"8dcffcde-077b-4676-b7c4-6202b5503e6c","space_name":"dev","space_id":"e0b56b85-8b5c-4827-aaef-5eb4adf02e14","msg":"serving MyService {\n  at: [ '/odata/v4/MyService' ],\n  decl: 'srv/csn.json:2681',\n  impl: 'srv/MyService.js'\n}","type":"log"} (STDOUT, APP/PROC/WEB)#
#2026 09 10 00:22:51.812#Z#DEBUG#95691efe-acad-11f1-bceb-eeee0a8894dd.mycapapp-srv#flowable-async-job-executor-thread-28410#
[PollStageAppStatusExecution] 3005b015-2937-4589-811f-cd9a45fbef58 [2026-09-10T00:11:21.847099] {"level":"info","logger":"cds","timestamp":"2026-09-10T00:11:21.846Z","layer":"cds","component_type":"application","container_id":"10.32.2.6","component_id":"3005b015-2937-4589-811f-cd9a45fbef58","component_name":"mycapapp-srv","component_instance":0,"source_instance":0,"organization_name":"18f2d7c5trial","organization_id":"8dcffcde-077b-4676-b7c4-6202b5503e6c","space_name":"dev","space_id":"e0b56b85-8b5c-4827-aaef-5eb4adf02e14","msg":"server listening on { url: 'http://localhost:8080' }","type":"log"} (STDOUT, APP/PROC/WEB)#
#2026 09 10 00:22:51.812#Z#DEBUG#95691efe-acad-11f1-bceb-eeee0a8894dd.mycapapp-srv#flowable-async-job-executor-thread-28410#
[PollStageAppStatusExecution] 3005b015-2937-4589-811f-cd9a45fbef58 [2026-09-10T00:11:21.848405] {"level":"info","logger":"cds","timestamp":"2026-09-10T00:11:21.848Z","layer":"cds","component_type":"application","container_id":"10.32.2.6","component_id":"3005b015-2937-4589-811f-cd9a45fbef58","component_name":"mycapapp-srv","component_instance":0,"source_instance":0,"organization_name":"18f2d7c5trial","organization_id":"8dcffcde-077b-4676-b7c4-6202b5503e6c","space_name":"dev","space_id":"e0b56b85-8b5c-4827-aaef-5eb4adf02e14","msg":"server v9.9.3 launched in 784 ms","type":"log"} (STDOUT, APP/PROC/WEB)#
#2026 09 10 00:22:51.812#Z#DEBUG#95691efe-acad-11f1-bceb-eeee0a8894dd.mycapapp-srv#flowable-async-job-executor-thread-28410#
[PollStageAppStatusExecution] 3005b015-2937-4589-811f-cd9a45fbef58 [2026-09-10T00:11:21.951982] Downloading nodejs_buildpack... (STDOUT, STG)#
#2026 09 10 00:22:51.812#Z#DEBUG#95691efe-acad-11f1-bceb-eeee0a8894dd.mycapapp-srv#flowable-async-job-executor-thread-28410#
[PollStageAppStatusExecution] 3005b015-2937-4589-811f-cd9a45fbef58 [2026-09-10T00:11:21.988092] Downloaded nodejs_buildpack (STDOUT, STG)#
#2026 09 10 00:22:51.812#Z#DEBUG#95691efe-acad-11f1-bceb-eeee0a8894dd.mycapapp-srv#flowable-async-job-executor-thread-28410#
[PollStageAppStatusExecution] 3005b015-2937-4589-811f-cd9a45fbef58 [2026-09-10T00:11:21.988192] Cell 684caff8-89cd-492b-be01-b3d0835f1763 creating container for instance 47d77918-17a7-43ba-9a26-708ae16da43a (STDOUT, STG)#
#2026 09 10 00:22:51.812#Z#DEBUG#95691efe-acad-11f1-bceb-eeee0a8894dd.mycapapp-srv#flowable-async-job-executor-thread-28410#
[PollStageAppStatusExecution] 3005b015-2937-4589-811f-cd9a45fbef58 [2026-09-10T00:11:22.553188] Security group rules were updated (STDOUT, STG)#
#2026 09 10 00:22:51.812#Z#DEBUG#95691efe-acad-11f1-bceb-eeee0a8894dd.mycapapp-srv#flowable-async-job-executor-thread-28410#
[PollStageAppStatusExecution] 3005b015-2937-4589-811f-cd9a45fbef58 [2026-09-10T00:11:22.635985] Cell 684caff8-89cd-492b-be01-b3d0835f1763 successfully created container for instance 47d77918-17a7-43ba-9a26-708ae16da43a (STDOUT, STG)#
#2026 09 10 00:22:51.812#Z#DEBUG#95691efe-acad-11f1-bceb-eeee0a8894dd.mycapapp-srv#flowable-async-job-executor-thread-28410#
[PollStageAppStatusExecution] 3005b015-2937-4589-811f-cd9a45fbef58 [2026-09-10T00:11:22.661187] Container became healthy (STDOUT, CELL)#
#2026 09 10 00:22:51.812#Z#DEBUG#95691efe-acad-11f1-bceb-eeee0a8894dd.mycapapp-srv#flowable-async-job-executor-thread-28410#
[PollStageAppStatusExecution] 3005b015-2937-4589-811f-cd9a45fbef58 [2026-09-10T00:11:22.687852] Process became ready with guid 3005b015-2937-4589-811f-cd9a45fbef58 payload: {"instance"=>"93addbd7-a574-4b11-5292-5445", "index"=>0, "cell_id"=>"c839c7b1-088e-41af-b9b7-66256aacd457", "ready"=>true, "version"=>"39d14603-9625-4194-b6b0-334f4f39a903"} (STDOUT, API)#
#2026 09 10 00:22:51.812#Z#DEBUG#95691efe-acad-11f1-bceb-eeee0a8894dd.mycapapp-srv#flowable-async-job-executor-thread-28410#
[PollStageAppStatusExecution] 3005b015-2937-4589-811f-cd9a45fbef58 [2026-09-10T00:11:23.073833] Downloading build artifacts cache... (STDOUT, STG)#
#2026 09 10 00:22:51.812#Z#DEBUG#95691efe-acad-11f1-bceb-eeee0a8894dd.mycapapp-srv#flowable-async-job-executor-thread-28410#
[PollStageAppStatusExecution] 3005b015-2937-4589-811f-cd9a45fbef58 [2026-09-10T00:11:23.074494] Downloading app package... (STDOUT, STG)#
#2026 09 10 00:22:51.812#Z#DEBUG#95691efe-acad-11f1-bceb-eeee0a8894dd.mycapapp-srv#flowable-async-job-executor-thread-28410#
[PollStageAppStatusExecution] 3005b015-2937-4589-811f-cd9a45fbef58 [2026-09-10T00:11:23.136735] Downloaded build artifacts cache (219B) (STDOUT, STG)#
#2026 09 10 00:22:51.812#Z#DEBUG#95691efe-acad-11f1-bceb-eeee0a8894dd.mycapapp-srv#flowable-async-job-executor-thread-28410#
[PollStageAppStatusExecution] 3005b015-2937-4589-811f-cd9a45fbef58 [2026-09-10T00:11:23.685743] Downloaded app package (5.6M) (STDOUT, STG)#
#2026 09 10 00:22:51.812#Z#DEBUG#95691efe-acad-11f1-bceb-eeee0a8894dd.mycapapp-srv#flowable-async-job-executor-thread-28410#
[PollStageAppStatusExecution] 3005b015-2937-4589-811f-cd9a45fbef58 [2026-09-10T00:11:23.781948] -----> Nodejs Buildpack version 1.9.3 (STDOUT, STG)#
#2026 09 10 00:22:51.812#Z#DEBUG#95691efe-acad-11f1-bceb-eeee0a8894dd.mycapapp-srv#flowable-async-job-executor-thread-28410#
[PollStageAppStatusExecution] 3005b015-2937-4589-811f-cd9a45fbef58 [2026-09-10T00:11:24.045760] -----> Bootstrapping python (STDOUT, STG)#
#2026 09 10 00:22:51.812#Z#DEBUG#95691efe-acad-11f1-bceb-eeee0a8894dd.mycapapp-srv#flowable-async-job-executor-thread-28410#
[PollStageAppStatusExecution] 3005b015-2937-4589-811f-cd9a45fbef58 [2026-09-10T00:11:24.045791] -----> Installing python 3.13.14 (STDOUT, STG)#
#2026 09 10 00:22:51.812#Z#DEBUG#95691efe-acad-11f1-bceb-eeee0a8894dd.mycapapp-srv#flowable-async-job-executor-thread-28410#
[PollStageAppStatusExecution] 3005b015-2937-4589-811f-cd9a45fbef58 [2026-09-10T00:11:24.045836] Copy [/tmp/buildpacks/336fb825d4d72bff/dependencies/4b4266a2ff36730aef37b88b668ca327/python_3.13.14_linux_x64_cflinuxfs4_b80d4954.tgz] (STDOUT, STG)#
#2026 09 10 00:22:51.812#Z#DEBUG#95691efe-acad-11f1-bceb-eeee0a8894dd.mycapapp-srv#flowable-async-job-executor-thread-28410#
[PollStageAppStatusExecution] 3005b015-2937-4589-811f-cd9a45fbef58 [2026-09-10T00:11:28.208297] -----> Installing binaries (STDOUT, STG)#
#2026 09 10 00:22:51.812#Z#DEBUG#95691efe-acad-11f1-bceb-eeee0a8894dd.mycapapp-srv#flowable-async-job-executor-thread-28410#
[PollStageAppStatusExecution] 3005b015-2937-4589-811f-cd9a45fbef58 [2026-09-10T00:11:28.208514] engines.node (package.json): ^24 (STDOUT, STG)#
#2026 09 10 00:22:51.812#Z#DEBUG#95691efe-acad-11f1-bceb-eeee0a8894dd.mycapapp-srv#flowable-async-job-executor-thread-28410#
[PollStageAppStatusExecution] 3005b015-2937-4589-811f-cd9a45fbef58 [2026-09-10T00:11:28.208545] engines.npm (package.json): unspecified (use default) (STDOUT, STG)#
#2026 09 10 00:22:51.812#Z#DEBUG#95691efe-acad-11f1-bceb-eeee0a8894dd.mycapapp-srv#flowable-async-job-executor-thread-28410#
[PollStageAppStatusExecution] 3005b015-2937-4589-811f-cd9a45fbef58 [2026-09-10T00:11:28.208966] -----> Installing node 24.18.0 (STDOUT, STG)#
#2026 09 10 00:22:51.812#Z#DEBUG#95691efe-acad-11f1-bceb-eeee0a8894dd.mycapapp-srv#flowable-async-job-executor-thread-28410#
[PollStageAppStatusExecution] 3005b015-2937-4589-811f-cd9a45fbef58 [2026-09-10T00:11:28.209208] Copy [/tmp/buildpacks/336fb825d4d72bff/dependencies/dffbbb835fcd073c4544f78eb6247fac/node_24.18.0_linux_x64_cflinuxfs4_cdfed650.tgz] (STDOUT, STG)#
#2026 09 10 00:22:51.812#Z#DEBUG#95691efe-acad-11f1-bceb-eeee0a8894dd.mycapapp-srv#flowable-async-job-executor-thread-28410#
[PollStageAppStatusExecution] 3005b015-2937-4589-811f-cd9a45fbef58 [2026-09-10T00:11:30.711445] Using default npm version: 11.16.0 (STDOUT, STG)#
#2026 09 10 00:22:51.812#Z#DEBUG#95691efe-acad-11f1-bceb-eeee0a8894dd.mycapapp-srv#flowable-async-job-executor-thread-28410#
[PollStageAppStatusExecution] 3005b015-2937-4589-811f-cd9a45fbef58 [2026-09-10T00:11:30.711542] -----> Installing yarn 1.22.22 (STDOUT, STG)#
#2026 09 10 00:22:51.812#Z#DEBUG#95691efe-acad-11f1-bceb-eeee0a8894dd.mycapapp-srv#flowable-async-job-executor-thread-28410#
[PollStageAppStatusExecution] 3005b015-2937-4589-811f-cd9a45fbef58 [2026-09-10T00:11:30.711695] Copy [/tmp/buildpacks/336fb825d4d72bff/dependencies/e4fe26756e9984a665478d350474fa2e/yarn_1.22.22_linux_noarch_any-stack_b6132b86.tgz] (STDOUT, STG)#
#2026 09 10 00:22:51.812#Z#DEBUG#95691efe-acad-11f1-bceb-eeee0a8894dd.mycapapp-srv#flowable-async-job-executor-thread-28410#
[PollStageAppStatusExecution] 3005b015-2937-4589-811f-cd9a45fbef58 [2026-09-10T00:11:31.094112] Installed yarn 1.22.22 (STDOUT, STG)#
#2026 09 10 00:22:51.812#Z#DEBUG#95691efe-acad-11f1-bceb-eeee0a8894dd.mycapapp-srv#flowable-async-job-executor-thread-28410#
[PollStageAppStatusExecution] 3005b015-2937-4589-811f-cd9a45fbef58 [2026-09-10T00:11:31.094270] -----> Creating runtime environment (STDOUT, STG)#
#2026 09 10 00:22:51.812#Z#DEBUG#95691efe-acad-11f1-bceb-eeee0a8894dd.mycapapp-srv#flowable-async-job-executor-thread-28410#
[PollStageAppStatusExecution] 3005b015-2937-4589-811f-cd9a45fbef58 [2026-09-10T00:11:31.096181] NODE_ENV=production (STDOUT, STG)#
#2026 09 10 00:22:51.812#Z#DEBUG#95691efe-acad-11f1-bceb-eeee0a8894dd.mycapapp-srv#flowable-async-job-executor-thread-28410#
[PollStageAppStatusExecution] 3005b015-2937-4589-811f-cd9a45fbef58 [2026-09-10T00:11:31.096265] NODE_HOME=/tmp/contents2171646042/deps/0/node (STDOUT, STG)#
#2026 09 10 00:22:51.812#Z#DEBUG#95691efe-acad-11f1-bceb-eeee0a8894dd.mycapapp-srv#flowable-async-job-executor-thread-28410#
[PollStageAppStatusExecution] 3005b015-2937-4589-811f-cd9a45fbef58 [2026-09-10T00:11:31.096501] NODE_MODULES_CACHE=true (STDOUT, STG)#
#2026 09 10 00:22:51.812#Z#DEBUG#95691efe-acad-11f1-bceb-eeee0a8894dd.mycapapp-srv#flowable-async-job-executor-thread-28410#
[PollStageAppStatusExecution] 3005b015-2937-4589-811f-cd9a45fbef58 [2026-09-10T00:11:31.096568] NODE_VERBOSE=false (STDOUT, STG)#
#2026 09 10 00:22:51.812#Z#DEBUG#95691efe-acad-11f1-bceb-eeee0a8894dd.mycapapp-srv#flowable-async-job-executor-thread-28410#
[PollStageAppStatusExecution] 3005b015-2937-4589-811f-cd9a45fbef58 [2026-09-10T00:11:31.096622] NPM_CONFIG_LOGLEVEL=error (STDOUT, STG)#
#2026 09 10 00:22:51.812#Z#DEBUG#95691efe-acad-11f1-bceb-eeee0a8894dd.mycapapp-srv#flowable-async-job-executor-thread-28410#
[PollStageAppStatusExecution] 3005b015-2937-4589-811f-cd9a45fbef58 [2026-09-10T00:11:31.096859] NPM_CONFIG_PRODUCTION=true (STDOUT, STG)#
#2026 09 10 00:22:51.812#Z#DEBUG#95691efe-acad-11f1-bceb-eeee0a8894dd.mycapapp-srv#flowable-async-job-executor-thread-28410#
[PollStageAppStatusExecution] 3005b015-2937-4589-811f-cd9a45fbef58 [2026-09-10T00:11:31.097150] -----> Building dependencies (STDOUT, STG)#
#2026 09 10 00:22:51.812#Z#DEBUG#95691efe-acad-11f1-bceb-eeee0a8894dd.mycapapp-srv#flowable-async-job-executor-thread-28410#
[PollStageAppStatusExecution] 3005b015-2937-4589-811f-cd9a45fbef58 [2026-09-10T00:11:31.097304] Prebuild detected (node_modules already exists) (STDOUT, STG)#
#2026 09 10 00:22:51.812#Z#DEBUG#95691efe-acad-11f1-bceb-eeee0a8894dd.mycapapp-srv#flowable-async-job-executor-thread-28410#
[PollStageAppStatusExecution] 3005b015-2937-4589-811f-cd9a45fbef58 [2026-09-10T00:11:31.097471] Rebuilding any native modules (STDOUT, STG)#
#2026 09 10 00:22:51.812#Z#DEBUG#95691efe-acad-11f1-bceb-eeee0a8894dd.mycapapp-srv#flowable-async-job-executor-thread-28410#
[PollStageAppStatusExecution] 3005b015-2937-4589-811f-cd9a45fbef58 [2026-09-10T00:11:31.843378] rebuilt dependencies successfully (STDOUT, STG)#
#2026 09 10 00:22:51.812#Z#DEBUG#95691efe-acad-11f1-bceb-eeee0a8894dd.mycapapp-srv#flowable-async-job-executor-thread-28410#
[PollStageAppStatusExecution] 3005b015-2937-4589-811f-cd9a45fbef58 [2026-09-10T00:11:31.845310] npm notice (STDOUT, STG)#
#2026 09 10 00:22:51.812#Z#DEBUG#95691efe-acad-11f1-bceb-eeee0a8894dd.mycapapp-srv#flowable-async-job-executor-thread-28410#
[PollStageAppStatusExecution] 3005b015-2937-4589-811f-cd9a45fbef58 [2026-09-10T00:11:31.845336] npm notice New major version of npm available! 11.16.0 -> 12.0.2 (STDOUT, STG)#
#2026 09 10 00:22:51.812#Z#DEBUG#95691efe-acad-11f1-bceb-eeee0a8894dd.mycapapp-srv#flowable-async-job-executor-thread-28410#
[PollStageAppStatusExecution] 3005b015-2937-4589-811f-cd9a45fbef58 [2026-09-10T00:11:31.845342] npm notice Changelog: https://github.com/npm/cli/releases/tag/v12.0.2 (STDOUT, STG)#
#2026 09 10 00:22:51.812#Z#DEBUG#95691efe-acad-11f1-bceb-eeee0a8894dd.mycapapp-srv#flowable-async-job-executor-thread-28410#
[PollStageAppStatusExecution] 3005b015-2937-4589-811f-cd9a45fbef58 [2026-09-10T00:11:31.845346] npm notice To update run: npm install -g npm@12.0.2 (STDOUT, STG)#
#2026 09 10 00:22:51.812#Z#DEBUG#95691efe-acad-11f1-bceb-eeee0a8894dd.mycapapp-srv#flowable-async-job-executor-thread-28410#
[PollStageAppStatusExecution] 3005b015-2937-4589-811f-cd9a45fbef58 [2026-09-10T00:11:31.845348] npm notice (STDOUT, STG)#
#2026 09 10 00:22:51.812#Z#DEBUG#95691efe-acad-11f1-bceb-eeee0a8894dd.mycapapp-srv#flowable-async-job-executor-thread-28410#
[PollStageAppStatusExecution] 3005b015-2937-4589-811f-cd9a45fbef58 [2026-09-10T00:11:31.913912] Installing any new modules (package.json + package-lock.json) (STDOUT, STG)#
#2026 09 10 00:22:51.812#Z#DEBUG#95691efe-acad-11f1-bceb-eeee0a8894dd.mycapapp-srv#flowable-async-job-executor-thread-28410#
[PollStageAppStatusExecution] 3005b015-2937-4589-811f-cd9a45fbef58 [2026-09-10T00:11:32.634215] up to date in 623ms (STDOUT, STG)#
#2026 09 10 00:22:51.812#Z#DEBUG#95691efe-acad-11f1-bceb-eeee0a8894dd.mycapapp-srv#flowable-async-job-executor-thread-28410#
[PollStageAppStatusExecution] 3005b015-2937-4589-811f-cd9a45fbef58 [2026-09-10T00:11:32.634357] 32 packages are looking for funding (STDOUT, STG)#
#2026 09 10 00:22:51.812#Z#DEBUG#95691efe-acad-11f1-bceb-eeee0a8894dd.mycapapp-srv#flowable-async-job-executor-thread-28410#
[PollStageAppStatusExecution] 3005b015-2937-4589-811f-cd9a45fbef58 [2026-09-10T00:11:32.634499] run `npm fund` for details (STDOUT, STG)#
#2026 09 10 00:22:51.812#Z#DEBUG#95691efe-acad-11f1-bceb-eeee0a8894dd.mycapapp-srv#flowable-async-job-executor-thread-28410#
[PollStageAppStatusExecution] 3005b015-2937-4589-811f-cd9a45fbef58 [2026-09-10T00:11:33.458380] Contrast Security no credentials found. Will not write environment files. (STDOUT, STG)#
#2026 09 10 00:22:51.812#Z#DEBUG#95691efe-acad-11f1-bceb-eeee0a8894dd.mycapapp-srv#flowable-async-job-executor-thread-28410#
[PollStageAppStatusExecution] 3005b015-2937-4589-811f-cd9a45fbef58 [2026-09-10T00:11:43.088329] Exit status 0 (STDOUT, STG)#
#2026 09 10 00:22:51.812#Z#DEBUG#95691efe-acad-11f1-bceb-eeee0a8894dd.mycapapp-srv#flowable-async-job-executor-thread-28410#
[PollStageAppStatusExecution] 3005b015-2937-4589-811f-cd9a45fbef58 [2026-09-10T00:11:43.088393] Uploading droplet, build artifacts cache... (STDOUT, STG)#
#2026 09 10 00:22:51.812#Z#DEBUG#95691efe-acad-11f1-bceb-eeee0a8894dd.mycapapp-srv#flowable-async-job-executor-thread-28410#
[PollStageAppStatusExecution] 3005b015-2937-4589-811f-cd9a45fbef58 [2026-09-10T00:11:43.088462] Uploading build artifacts cache... (STDOUT, STG)#
#2026 09 10 00:22:51.812#Z#DEBUG#95691efe-acad-11f1-bceb-eeee0a8894dd.mycapapp-srv#flowable-async-job-executor-thread-28410#
[PollStageAppStatusExecution] 3005b015-2937-4589-811f-cd9a45fbef58 [2026-09-10T00:11:43.088465] Uploading droplet... (STDOUT, STG)#
#2026 09 10 00:22:51.812#Z#DEBUG#95691efe-acad-11f1-bceb-eeee0a8894dd.mycapapp-srv#flowable-async-job-executor-thread-28410#
[PollStageAppStatusExecution] 3005b015-2937-4589-811f-cd9a45fbef58 [2026-09-10T00:11:43.113994] Uploaded build artifacts cache (221B) (STDOUT, STG)#
#2026 09 10 00:22:51.812#Z#DEBUG#95691efe-acad-11f1-bceb-eeee0a8894dd.mycapapp-srv#flowable-async-job-executor-thread-28410#
[PollStageAppStatusExecution] 3005b015-2937-4589-811f-cd9a45fbef58 [2026-09-10T00:11:43.738814] Creating droplet for app with guid 3005b015-2937-4589-811f-cd9a45fbef58 (STDOUT, API)#
#2026 09 10 00:22:51.812#Z#DEBUG#95691efe-acad-11f1-bceb-eeee0a8894dd.mycapapp-srv#flowable-async-job-executor-thread-28410#
[PollStageAppStatusExecution] 3005b015-2937-4589-811f-cd9a45fbef58 [2026-09-10T00:11:45.811369] Uploaded droplet (61.8M) (STDOUT, STG)#
#2026 09 10 00:22:51.812#Z#DEBUG#95691efe-acad-11f1-bceb-eeee0a8894dd.mycapapp-srv#flowable-async-job-executor-thread-28410#
[PollStageAppStatusExecution] 3005b015-2937-4589-811f-cd9a45fbef58 [2026-09-10T00:11:45.834049] Uploading complete (STDOUT, STG)#
#2026 09 10 00:22:51.812#Z#DEBUG#95691efe-acad-11f1-bceb-eeee0a8894dd.mycapapp-srv#flowable-async-job-executor-thread-28410#
[PollStageAppStatusExecution] 3005b015-2937-4589-811f-cd9a45fbef58 [2026-09-10T00:11:46.773428] Cell 684caff8-89cd-492b-be01-b3d0835f1763 stopping instance 47d77918-17a7-43ba-9a26-708ae16da43a (STDOUT, STG)#
#2026 09 10 00:22:51.812#Z#DEBUG#95691efe-acad-11f1-bceb-eeee0a8894dd.mycapapp-srv#flowable-async-job-executor-thread-28410#
[PollStageAppStatusExecution] 3005b015-2937-4589-811f-cd9a45fbef58 [2026-09-10T00:11:46.773500] Cell 684caff8-89cd-492b-be01-b3d0835f1763 destroying container for instance 47d77918-17a7-43ba-9a26-708ae16da43a (STDOUT, STG)#
#2026 09 10 00:22:51.812#Z#DEBUG#95691efe-acad-11f1-bceb-eeee0a8894dd.mycapapp-srv#flowable-async-job-executor-thread-28410#
[PollStageAppStatusExecution] 3005b015-2937-4589-811f-cd9a45fbef58 [2026-09-10T00:11:46.816737] Staging complete for build 47d77918-17a7-43ba-9a26-708ae16da43a (STDOUT, API)#
#2026 09 10 00:22:51.812#Z#DEBUG#95691efe-acad-11f1-bceb-eeee0a8894dd.mycapapp-srv#flowable-async-job-executor-thread-28410#
[PollStageAppStatusExecution] 3005b015-2937-4589-811f-cd9a45fbef58 [2026-09-10T00:11:49.398701] Cell 684caff8-89cd-492b-be01-b3d0835f1763 successfully destroyed container for instance 47d77918-17a7-43ba-9a26-708ae16da43a (STDOUT, STG)#
#2026 09 10 00:22:51.812#Z#DEBUG#95691efe-acad-11f1-bceb-eeee0a8894dd.mycapapp-srv#flowable-async-job-executor-thread-28410#
[PollStageAppStatusExecution] 3005b015-2937-4589-811f-cd9a45fbef58 [2026-09-10T00:11:51.374502] Updated app with guid 3005b015-2937-4589-811f-cd9a45fbef58 ({:droplet_guid=>"bed75df8-1c34-4f12-aacc-052b6c59a685"}) (STDOUT, API)#
#2026 09 10 00:22:51.812#Z#DEBUG#95691efe-acad-11f1-bceb-eeee0a8894dd.mycapapp-srv#flowable-async-job-executor-thread-28410#
[PollStageAppStatusExecution] 3005b015-2937-4589-811f-cd9a45fbef58 [2026-09-10T00:11:51.574513] Stopping app with guid 3005b015-2937-4589-811f-cd9a45fbef58 (STDOUT, API)#
#2026 09 10 00:22:51.812#Z#DEBUG#95691efe-acad-11f1-bceb-eeee0a8894dd.mycapapp-srv#flowable-async-job-executor-thread-28410#
[PollStageAppStatusExecution] 3005b015-2937-4589-811f-cd9a45fbef58 [2026-09-10T00:11:51.594028] Cell c839c7b1-088e-41af-b9b7-66256aacd457 stopping instance 93addbd7-a574-4b11-5292-5445 (STDOUT, CELL)#
#2026 09 10 00:22:51.812#Z#DEBUG#95691efe-acad-11f1-bceb-eeee0a8894dd.mycapapp-srv#flowable-async-job-executor-thread-28410#
[PollStageAppStatusExecution] 3005b015-2937-4589-811f-cd9a45fbef58 [2026-09-10T00:11:51.681313] Creating revision for app with guid 3005b015-2937-4589-811f-cd9a45fbef58 (STDOUT, API)#
#2026 09 10 00:22:51.812#Z#DEBUG#95691efe-acad-11f1-bceb-eeee0a8894dd.mycapapp-srv#flowable-async-job-executor-thread-28410#
[PollStageAppStatusExecution] 3005b015-2937-4589-811f-cd9a45fbef58 [2026-09-10T00:11:51.719555] Starting app with guid 3005b015-2937-4589-811f-cd9a45fbef58 (STDOUT, API)#
#2026 09 10 00:22:51.812#Z#DEBUG#95691efe-acad-11f1-bceb-eeee0a8894dd.mycapapp-srv#flowable-async-job-executor-thread-28410#
[PollStageAppStatusExecution] 3005b015-2937-4589-811f-cd9a45fbef58 [2026-09-10T00:11:51.966327] Cell 684caff8-89cd-492b-be01-b3d0835f1763 creating container for instance 36106f2b-e907-4b0c-51a2-e2b9 (STDOUT, CELL)#
#2026 09 10 00:22:51.812#Z#DEBUG#95691efe-acad-11f1-bceb-eeee0a8894dd.mycapapp-srv#flowable-async-job-executor-thread-28410#
[PollStageAppStatusExecution] 3005b015-2937-4589-811f-cd9a45fbef58 [2026-09-10T00:11:52.548561] Security group rules were updated (STDOUT, CELL)#
#2026 09 10 00:22:51.812#Z#DEBUG#95691efe-acad-11f1-bceb-eeee0a8894dd.mycapapp-srv#flowable-async-job-executor-thread-28410#
[PollStageAppStatusExecution] 3005b015-2937-4589-811f-cd9a45fbef58 [2026-09-10T00:11:52.631683] Cell 684caff8-89cd-492b-be01-b3d0835f1763 successfully created container for instance 36106f2b-e907-4b0c-51a2-e2b9 (STDOUT, CELL)#
#2026 09 10 00:22:51.812#Z#DEBUG#95691efe-acad-11f1-bceb-eeee0a8894dd.mycapapp-srv#flowable-async-job-executor-thread-28410#
[PollStageAppStatusExecution] 3005b015-2937-4589-811f-cd9a45fbef58 [2026-09-10T00:11:53.485788] Downloading droplet... (STDOUT, CELL)#
#2026 09 10 00:22:51.812#Z#DEBUG#95691efe-acad-11f1-bceb-eeee0a8894dd.mycapapp-srv#flowable-async-job-executor-thread-28410#
[PollStageAppStatusExecution] 3005b015-2937-4589-811f-cd9a45fbef58 [2026-09-10T00:11:57.315168] Downloaded droplet (61.8M) (STDOUT, CELL)#
#2026 09 10 00:22:51.812#Z#DEBUG#95691efe-acad-11f1-bceb-eeee0a8894dd.mycapapp-srv#flowable-async-job-executor-thread-28410#
[PollStageAppStatusExecution] 3005b015-2937-4589-811f-cd9a45fbef58 [2026-09-10T00:11:57.315322] Starting health monitoring of container (STDOUT, CELL)#
#2026 09 10 00:22:51.812#Z#DEBUG#95691efe-acad-11f1-bceb-eeee0a8894dd.mycapapp-srv#flowable-async-job-executor-thread-28410#
[PollStageAppStatusExecution] 3005b015-2937-4589-811f-cd9a45fbef58 [2026-09-10T00:11:57.426735] Invoking pre-start scripts. (STDOUT, APP/PROC/WEB)#
#2026 09 10 00:22:51.812#Z#DEBUG#95691efe-acad-11f1-bceb-eeee0a8894dd.mycapapp-srv#flowable-async-job-executor-thread-28410#
[PollStageAppStatusExecution] 3005b015-2937-4589-811f-cd9a45fbef58 [2026-09-10T00:11:57.635701] Invoking start command. (STDOUT, APP/PROC/WEB)#
#2026 09 10 00:22:51.812#Z#DEBUG#95691efe-acad-11f1-bceb-eeee0a8894dd.mycapapp-srv#flowable-async-job-executor-thread-28410#
[PollStageAppStatusExecution] 3005b015-2937-4589-811f-cd9a45fbef58 [2026-09-10T00:11:58.081667] > mycapapp@1.0.0 start (STDOUT, APP/PROC/WEB)#
#2026 09 10 00:22:51.812#Z#DEBUG#95691efe-acad-11f1-bceb-eeee0a8894dd.mycapapp-srv#flowable-async-job-executor-thread-28410#
[PollStageAppStatusExecution] 3005b015-2937-4589-811f-cd9a45fbef58 [2026-09-10T00:11:58.081706] > cds-serve (STDOUT, APP/PROC/WEB)#
#2026 09 10 00:22:51.812#Z#DEBUG#95691efe-acad-11f1-bceb-eeee0a8894dd.mycapapp-srv#flowable-async-job-executor-thread-28410#
[PollStageAppStatusExecution] 3005b015-2937-4589-811f-cd9a45fbef58 [2026-09-10T00:11:58.540213] {"level":"info","logger":"cds","timestamp":"2026-09-10T00:11:58.538Z","layer":"cds","component_type":"application","container_id":"10.32.1.6","component_id":"3005b015-2937-4589-811f-cd9a45fbef58","component_name":"mycapapp-srv","component_instance":0,"source_instance":0,"organization_name":"18f2d7c5trial","organization_id":"8dcffcde-077b-4676-b7c4-6202b5503e6c","space_name":"dev","space_id":"e0b56b85-8b5c-4827-aaef-5eb4adf02e14","msg":"loaded model from 1 file(s):\n ","type":"log"} (STDOUT, APP/PROC/WEB)#
#2026 09 10 00:22:51.812#Z#DEBUG#95691efe-acad-11f1-bceb-eeee0a8894dd.mycapapp-srv#flowable-async-job-executor-thread-28410#
[PollStageAppStatusExecution] 3005b015-2937-4589-811f-cd9a45fbef58 [2026-09-10T00:11:58.540562] srv/csn.json (STDOUT, APP/PROC/WEB)#
#2026 09 10 00:22:51.812#Z#DEBUG#95691efe-acad-11f1-bceb-eeee0a8894dd.mycapapp-srv#flowable-async-job-executor-thread-28410#
[PollStageAppStatusExecution] 3005b015-2937-4589-811f-cd9a45fbef58 [2026-09-10T00:11:58.838025] {"level":"info","logger":"cds","timestamp":"2026-09-10T00:11:58.836Z","layer":"cds","component_type":"application","container_id":"10.32.1.6","component_id":"3005b015-2937-4589-811f-cd9a45fbef58","component_name":"mycapapp-srv","component_instance":0,"source_instance":0,"organization_name":"18f2d7c5trial","organization_id":"8dcffcde-077b-4676-b7c4-6202b5503e6c","space_name":"dev","space_id":"e0b56b85-8b5c-4827-aaef-5eb4adf02e14","msg":"connect to db > hana {\n  database_id: 'e56bf288-b2b4-4a52-88b3-b6c56c599e3d',\n  host: 'e56bf288-b2b4-4a52-88b3-b6c56c599e3d.hna0.prod-us10.hanacloud.ondemand.com',\n  port: '443',\n  driver: 'com.sap.db.jdbc.Driver',\n  url: 'jdbc:sap://e56bf288-b2b4-4a52-88b3-b6c56c599e3d.hna0.prod-us10.hanacloud.ondemand.com:443?encrypt=true&validateCertificate=true&currentschema=E12BDA7236DD4FC8ADEFF48F9F92BFDB',\n  schema: 'E12BDA7236DD4FC8ADEFF48F9F92BFDB',\n  certificate: '...',\n  hdi_user: 'E12BDA7236DD4FC8ADEFF48F9F92BFDB_9WORLKUDZ4NF9BFUKV1W2VXVJ_DT',\n  hdi_password: '...',\n  user: 'E12BDA7236DD4FC8ADEFF48F9F92BFDB_9WORLKUDZ4NF9BFUKV1W2VXVJ_RT',\n  password: '...'\n}","type":"log"} (STDOUT, APP/PROC/WEB)#
#2026 09 10 00:22:51.812#Z#DEBUG#95691efe-acad-11f1-bceb-eeee0a8894dd.mycapapp-srv#flowable-async-job-executor-thread-28410#
[PollStageAppStatusExecution] 3005b015-2937-4589-811f-cd9a45fbef58 [2026-09-10T00:11:58.874244] {"level":"info","logger":"cds","timestamp":"2026-09-10T00:11:58.873Z","layer":"cds","component_type":"application","container_id":"10.32.1.6","component_id":"3005b015-2937-4589-811f-cd9a45fbef58","component_name":"mycapapp-srv","component_instance":0,"source_instance":0,"organization_name":"18f2d7c5trial","organization_id":"8dcffcde-077b-4676-b7c4-6202b5503e6c","space_name":"dev","space_id":"e0b56b85-8b5c-4827-aaef-5eb4adf02e14","msg":"using auth strategy { kind: 'xsuaa' }","type":"log"} (STDOUT, APP/PROC/WEB)#
#2026 09 10 00:22:51.812#Z#DEBUG#95691efe-acad-11f1-bceb-eeee0a8894dd.mycapapp-srv#flowable-async-job-executor-thread-28410#
[PollStageAppStatusExecution] 3005b015-2937-4589-811f-cd9a45fbef58 [2026-09-10T00:11:58.924769] {"level":"info","logger":"cds","timestamp":"2026-09-10T00:11:58.924Z","layer":"cds","component_type":"application","container_id":"10.32.1.6","component_id":"3005b015-2937-4589-811f-cd9a45fbef58","component_name":"mycapapp-srv","component_instance":0,"source_instance":0,"organization_name":"18f2d7c5trial","organization_id":"8dcffcde-077b-4676-b7c4-6202b5503e6c","space_name":"dev","space_id":"e0b56b85-8b5c-4827-aaef-5eb4adf02e14","msg":"serving CDSService {\n  at: [ '/odata/v4/CDSService' ],\n  decl: 'srv/csn.json:1261',\n  impl: 'srv/CDSService.js'\n}","type":"log"} (STDOUT, APP/PROC/WEB)#
#2026 09 10 00:22:51.812#Z#DEBUG#95691efe-acad-11f1-bceb-eeee0a8894dd.mycapapp-srv#flowable-async-job-executor-thread-28410#
[PollStageAppStatusExecution] 3005b015-2937-4589-811f-cd9a45fbef58 [2026-09-10T00:11:58.926050] {"level":"info","logger":"cds","timestamp":"2026-09-10T00:11:58.925Z","layer":"cds","component_type":"application","container_id":"10.32.1.6","component_id":"3005b015-2937-4589-811f-cd9a45fbef58","component_name":"mycapapp-srv","component_instance":0,"source_instance":0,"organization_name":"18f2d7c5trial","organization_id":"8dcffcde-077b-4676-b7c4-6202b5503e6c","space_name":"dev","space_id":"e0b56b85-8b5c-4827-aaef-5eb4adf02e14","msg":"serving CatelogService {\n  at: [ '/odata/v4/CatelogService' ],\n  decl: 'srv/csn.json:1414',\n  impl: 'srv/CatelogService.js'\n}","type":"log"} (STDOUT, APP/PROC/WEB)#
#2026 09 10 00:22:51.812#Z#DEBUG#95691efe-acad-11f1-bceb-eeee0a8894dd.mycapapp-srv#flowable-async-job-executor-thread-28410#
[PollStageAppStatusExecution] 3005b015-2937-4589-811f-cd9a45fbef58 [2026-09-10T00:11:58.926830] {"level":"info","logger":"cds","timestamp":"2026-09-10T00:11:58.926Z","layer":"cds","component_type":"application","container_id":"10.32.1.6","component_id":"3005b015-2937-4589-811f-cd9a45fbef58","component_name":"mycapapp-srv","component_instance":0,"source_instance":0,"organization_name":"18f2d7c5trial","organization_id":"8dcffcde-077b-4676-b7c4-6202b5503e6c","space_name":"dev","space_id":"e0b56b85-8b5c-4827-aaef-5eb4adf02e14","msg":"serving MyService {\n  at: [ '/odata/v4/MyService' ],\n  decl: 'srv/csn.json:2681',\n  impl: 'srv/MyService.js'\n}","type":"log"} (STDOUT, APP/PROC/WEB)#
#2026 09 10 00:22:51.812#Z#DEBUG#95691efe-acad-11f1-bceb-eeee0a8894dd.mycapapp-srv#flowable-async-job-executor-thread-28410#
[PollStageAppStatusExecution] 3005b015-2937-4589-811f-cd9a45fbef58 [2026-09-10T00:11:58.932843] {"level":"info","logger":"cds","timestamp":"2026-09-10T00:11:58.932Z","layer":"cds","component_type":"application","container_id":"10.32.1.6","component_id":"3005b015-2937-4589-811f-cd9a45fbef58","component_name":"mycapapp-srv","component_instance":0,"source_instance":0,"organization_name":"18f2d7c5trial","organization_id":"8dcffcde-077b-4676-b7c4-6202b5503e6c","space_name":"dev","space_id":"e0b56b85-8b5c-4827-aaef-5eb4adf02e14","msg":"server listening on { url: 'http://localhost:8080' }","type":"log"} (STDOUT, APP/PROC/WEB)#
#2026 09 10 00:22:51.812#Z#DEBUG#95691efe-acad-11f1-bceb-eeee0a8894dd.mycapapp-srv#flowable-async-job-executor-thread-28410#
[PollStageAppStatusExecution] 3005b015-2937-4589-811f-cd9a45fbef58 [2026-09-10T00:11:58.934193] {"level":"info","logger":"cds","timestamp":"2026-09-10T00:11:58.933Z","layer":"cds","component_type":"application","container_id":"10.32.1.6","component_id":"3005b015-2937-4589-811f-cd9a45fbef58","component_name":"mycapapp-srv","component_instance":0,"source_instance":0,"organization_name":"18f2d7c5trial","organization_id":"8dcffcde-077b-4676-b7c4-6202b5503e6c","space_name":"dev","space_id":"e0b56b85-8b5c-4827-aaef-5eb4adf02e14","msg":"server v9.9.3 launched in 839 ms","type":"log"} (STDOUT, APP/PROC/WEB)#
#2026 09 10 00:22:51.812#Z#DEBUG#95691efe-acad-11f1-bceb-eeee0a8894dd.mycapapp-srv#flowable-async-job-executor-thread-28410#
[PollStageAppStatusExecution] 3005b015-2937-4589-811f-cd9a45fbef58 [2026-09-10T00:12:00.370971] Container became healthy (STDOUT, CELL)#
#2026 09 10 00:22:51.812#Z#DEBUG#95691efe-acad-11f1-bceb-eeee0a8894dd.mycapapp-srv#flowable-async-job-executor-thread-28410#
[PollStageAppStatusExecution] 3005b015-2937-4589-811f-cd9a45fbef58 [2026-09-10T00:12:00.404686] Process became ready with guid 3005b015-2937-4589-811f-cd9a45fbef58 payload: {"instance"=>"36106f2b-e907-4b0c-51a2-e2b9", "index"=>0, "cell_id"=>"684caff8-89cd-492b-be01-b3d0835f1763", "ready"=>true, "version"=>"4b00a67a-885b-41a4-a52d-b822685dcf53"} (STDOUT, API)#
#2026 09 10 00:22:51.812#Z#DEBUG#95691efe-acad-11f1-bceb-eeee0a8894dd.mycapapp-srv#flowable-async-job-executor-thread-28410#
[PollStageAppStatusExecution] 3005b015-2937-4589-811f-cd9a45fbef58 [2026-09-10T00:12:09.112970] Cell 77283d80-dfa7-40ba-ba4e-265aef112085 successfully destroyed container for instance 5626f12e-6572-4088-70d9-e8e6 (STDOUT, CELL)#
#2026 09 10 00:22:51.812#Z#DEBUG#95691efe-acad-11f1-bceb-eeee0a8894dd.mycapapp-srv#flowable-async-job-executor-thread-28410#
[PollStageAppStatusExecution] 3005b015-2937-4589-811f-cd9a45fbef58 [2026-09-10T00:12:57.914508] Cell c839c7b1-088e-41af-b9b7-66256aacd457 destroying container for instance 93addbd7-a574-4b11-5292-5445 (STDOUT, CELL)#
#2026 09 10 00:22:51.812#Z#DEBUG#95691efe-acad-11f1-bceb-eeee0a8894dd.mycapapp-srv#flowable-async-job-executor-thread-28410#
[PollStageAppStatusExecution] 3005b015-2937-4589-811f-cd9a45fbef58 [2026-09-10T00:12:58.061448] Exit status 137 (STDOUT, PROXY)#
#2026 09 10 00:22:51.812#Z#DEBUG#95691efe-acad-11f1-bceb-eeee0a8894dd.mycapapp-srv#flowable-async-job-executor-thread-28410#
[PollStageAppStatusExecution] 3005b015-2937-4589-811f-cd9a45fbef58 [2026-09-10T00:12:59.900181] Cell c839c7b1-088e-41af-b9b7-66256aacd457 successfully destroyed container for instance 93addbd7-a574-4b11-5292-5445 (STDOUT, CELL)#
#2026 09 10 00:22:51.812#Z#DEBUG#95691efe-acad-11f1-bceb-eeee0a8894dd.mycapapp-srv#flowable-async-job-executor-thread-28410#
[PollStageAppStatusExecution] 3005b015-2937-4589-811f-cd9a45fbef58 [2026-09-10T00:19:04.429859] {"level":"warn","logger":"error","correlation_id":"63553578-3b53-489c-4326-5123f7a08f07","host":"18f2d7c5trial-dev-mycapapp-srv.cfapps.us10-001.hana.ondemand.com","user_agent":"Mozilla/5.0 (Windows NT 10.0; Win64; x64) AppleWebKit/537.36 (KHTML, like Gecko) Chrome/153.0.0.0 Safari/537.36","accept":"text/html,application/xhtml+xml,application/xml;q=0.9,image/avif,image/webp,image/apng,*/*;q=0.8,application/signed-exchange;v=b3;q=0.7","accept_encoding":"gzip, deflate, br, zstd","accept_language":"en-US,en;q=0.9,ta;q=0.8","b3":"635535783b53489c43265123f7a08f07-43265123f7a08f07","cookie":"***","priority":"u=0, i","sec_ch_ua":"\"Google Chrome\";v=\"153\", \"Not_A Brand\";v=\"8\", \"Chromium\";v=\"153\"","sec_ch_ua_mobile":"?0","sec_ch_ua_platform":"\"Windows\"","sec_fetch_dest":"document","sec_fetch_mode":"navigate","sec_fetch_site":"none","sec_fetch_user":"?1","upgrade_insecure_requests":"1","x_b3_spanid":"43265123f7a08f07","x_b3_traceid":"635535783b53489c43265123f7a08f07","x_cf_applicationid":"3005b015-2937-4589-811f-cd9a45fbef58","x_cf_instanceid":"36106f2b-e907-4b0c-51a2-e2b9","x_cf_instanceindex":"0","x_cf_true_client_ip":"24.114.70.183","x_forwarded_for":"24.114.70.183, 10.0.200.1","x_forwarded_proto":"https","x_request_start":"1788999544404","x_scp_request_id":"7c04ae0e-6ab0-44cd-ae7e-c73b5eff88fb-6AA1F778-A9BE79","x_vcap_request_id":"63553578-3b53-489c-4326-5123f7a08f07","request_id":"63553578-3b53-489c-4326-5123f7a08f07","x_correlation_id":"63553578-3b53-489c-4326-5123f7a08f07","timestamp":"2026-09-10T00:19:04.428Z","layer":"cds","component_type":"application","container_id":"10.32.1.6","component_id":"3005b015-2937-4589-811f-cd9a45fbef58","component_name":"mycapapp-srv","component_instance":0,"source_instance":0,"organization_name":"18f2d7c5trial","organization_id":"8dcffcde-077b-4676-b7c4-6202b5503e6c","space_name":"dev","space_id":"e0b56b85-8b5c-4827-aaef-5eb4adf02e14","msg":"401 - { message: 'Unauthorized', code: '401' }","type":"log"} (STDERR, APP/PROC/WEB)#
#2026 09 10 00:22:51.812#Z#DEBUG#95691efe-acad-11f1-bceb-eeee0a8894dd.mycapapp-srv#flowable-async-job-executor-thread-28410#
[PollStageAppStatusExecution] 3005b015-2937-4589-811f-cd9a45fbef58 [2026-09-10T00:19:04.433928] 18f2d7c5trial-dev-mycapapp-srv.cfapps.us10-001.hana.ondemand.com - [2026-09-10T00:19:04.404654692Z] "GET /odata/v4/CatelogService HTTP/2.0" 401 0 49 "-" "Mozilla/5.0 (Windows NT 10.0; Win64; x64) AppleWebKit/537.36 (KHTML, like Gecko) Chrome/153.0.0.0 Safari/537.36" "10.0.200.1:27110" "10.32.1.6:61022" x_forwarded_for:"24.114.70.183, 10.0.200.1" x_forwarded_proto:"https" vcap_request_id:"63553578-3b53-489c-4326-5123f7a08f07" response_time:0.029196 gorouter_time:0.000074 app_id:"3005b015-2937-4589-811f-cd9a45fbef58" app_index:"0" instance_id:"36106f2b-e907-4b0c-51a2-e2b9" failed_attempts:0 failed_attempts_time:"-" dns_time:0.000000 dial_time:0.005537 tls_time:0.009313 backend_time:0.029122 local_address:"10.0.193.8:57434" x_cf_routererror:"-" x_correlationid:"-" tenantid:"-" sap_passport:"-" x_scp_request_id:"7c04ae0e-6ab0-44cd-ae7e-c73b5eff88fb-6AA1F778-A9BE79" x_cf_app_instance:"-" x_forwarded_host:"-" x_custom_host:"-" x_ssl_client:"-" x_ssl_client_session_id:"-" x_ssl_client_verify:"-" x_ssl_client_subject_dn:"-" x_ssl_client_subject_cn:"-" x_ssl_client_issuer_dn:"-" x_ssl_client_notbefore:"-" x_ssl_client_notafter:"-" x_cf_forwarded_url:"-" traceparent:"-" true_client_ip:"-" x_cf_true_client_ip:"24.114.70.183" x_request_id:"-" x_b3_traceid:"635535783b53489c43265123f7a08f07" x_b3_spanid:"43265123f7a08f07" x_b3_parentspanid:"-" b3:"635535783b53489c43265123f7a08f07-43265123f7a08f07" (STDOUT, RTR)#
#2026 09 10 00:22:51.812#Z#DEBUG#95691efe-acad-11f1-bceb-eeee0a8894dd.mycapapp-srv#flowable-async-job-executor-thread-28410#
[PollStageAppStatusExecution] 3005b015-2937-4589-811f-cd9a45fbef58 [2026-09-10T00:21:55.014199] Updated app with guid 3005b015-2937-4589-811f-cd9a45fbef58 ({"lifecycle"=>{"data"=>{"buildpacks"=>["nodejs_buildpack"]}, "type"=>"buildpack"}}) (STDOUT, API)#
#2026 09 10 00:22:51.812#Z#DEBUG#95691efe-acad-11f1-bceb-eeee0a8894dd.mycapapp-srv#flowable-async-job-executor-thread-28410#
[PollStageAppStatusExecution] 3005b015-2937-4589-811f-cd9a45fbef58 [2026-09-10T00:21:55.232191] Updating process: "web" (STDOUT, API)#
#2026 09 10 00:22:51.812#Z#DEBUG#95691efe-acad-11f1-bceb-eeee0a8894dd.mycapapp-srv#flowable-async-job-executor-thread-28410#
[PollStageAppStatusExecution] 3005b015-2937-4589-811f-cd9a45fbef58 [2026-09-10T00:22:32.093793] Uploading app package for app with guid 3005b015-2937-4589-811f-cd9a45fbef58 (STDOUT, API)#
#2026 09 10 00:22:51.812#Z#DEBUG#95691efe-acad-11f1-bceb-eeee0a8894dd.mycapapp-srv#flowable-async-job-executor-thread-28410#
[PollStageAppStatusExecution] 3005b015-2937-4589-811f-cd9a45fbef58 [2026-09-10T00:22:32.260114] Updated app with guid 3005b015-2937-4589-811f-cd9a45fbef58 ({"environment_variables"=>"[PRIVATE DATA HIDDEN]"}) (STDOUT, API)#
#2026 09 10 00:22:51.812#Z#DEBUG#95691efe-acad-11f1-bceb-eeee0a8894dd.mycapapp-srv#flowable-async-job-executor-thread-28410#
[PollStageAppStatusExecution] 3005b015-2937-4589-811f-cd9a45fbef58 [2026-09-10T00:22:42.034592] Stopping app with guid 3005b015-2937-4589-811f-cd9a45fbef58 (STDOUT, API)#
#2026 09 10 00:22:51.812#Z#DEBUG#95691efe-acad-11f1-bceb-eeee0a8894dd.mycapapp-srv#flowable-async-job-executor-thread-28410#
[PollStageAppStatusExecution] 3005b015-2937-4589-811f-cd9a45fbef58 [2026-09-10T00:22:42.070968] Cell 684caff8-89cd-492b-be01-b3d0835f1763 stopping instance 36106f2b-e907-4b0c-51a2-e2b9 (STDOUT, CELL)#
#2026 09 10 00:22:51.812#Z#DEBUG#95691efe-acad-11f1-bceb-eeee0a8894dd.mycapapp-srv#flowable-async-job-executor-thread-28410#
[PollStageAppStatusExecution] 3005b015-2937-4589-811f-cd9a45fbef58 [2026-09-10T00:22:42.249648] Creating build for app with guid 3005b015-2937-4589-811f-cd9a45fbef58 (STDOUT, API)#
#2026 09 10 00:22:51.812#Z#DEBUG#95691efe-acad-11f1-bceb-eeee0a8894dd.mycapapp-srv#flowable-async-job-executor-thread-28410#
[PollStageAppStatusExecution] 3005b015-2937-4589-811f-cd9a45fbef58 [2026-09-10T00:22:42.693738] Downloading nodejs_buildpack... (STDOUT, STG)#
#2026 09 10 00:22:51.812#Z#DEBUG#95691efe-acad-11f1-bceb-eeee0a8894dd.mycapapp-srv#flowable-async-job-executor-thread-28410#
[PollStageAppStatusExecution] 3005b015-2937-4589-811f-cd9a45fbef58 [2026-09-10T00:22:42.734246] Downloaded nodejs_buildpack (STDOUT, STG)#
#2026 09 10 00:22:51.812#Z#DEBUG#95691efe-acad-11f1-bceb-eeee0a8894dd.mycapapp-srv#flowable-async-job-executor-thread-28410#
[PollStageAppStatusExecution] 3005b015-2937-4589-811f-cd9a45fbef58 [2026-09-10T00:22:42.734366] Cell c839c7b1-088e-41af-b9b7-66256aacd457 creating container for instance 451fec91-9574-4216-9fdd-299c38b118ce (STDOUT, STG)#
#2026 09 10 00:22:51.812#Z#DEBUG#95691efe-acad-11f1-bceb-eeee0a8894dd.mycapapp-srv#flowable-async-job-executor-thread-28410#
[PollStageAppStatusExecution] 3005b015-2937-4589-811f-cd9a45fbef58 [2026-09-10T00:22:43.403347] Security group rules were updated (STDOUT, STG)#
#2026 09 10 00:22:51.812#Z#DEBUG#95691efe-acad-11f1-bceb-eeee0a8894dd.mycapapp-srv#flowable-async-job-executor-thread-28410#
[PollStageAppStatusExecution] 3005b015-2937-4589-811f-cd9a45fbef58 [2026-09-10T00:22:43.489757] Cell c839c7b1-088e-41af-b9b7-66256aacd457 successfully created container for instance 451fec91-9574-4216-9fdd-299c38b118ce (STDOUT, STG)#
#2026 09 10 00:22:51.812#Z#DEBUG#95691efe-acad-11f1-bceb-eeee0a8894dd.mycapapp-srv#flowable-async-job-executor-thread-28410#
[PollStageAppStatusExecution] 3005b015-2937-4589-811f-cd9a45fbef58 [2026-09-10T00:22:44.418332] Downloading app package... (STDOUT, STG)#
#2026 09 10 00:22:51.812#Z#DEBUG#95691efe-acad-11f1-bceb-eeee0a8894dd.mycapapp-srv#flowable-async-job-executor-thread-28410#
[PollStageAppStatusExecution] 3005b015-2937-4589-811f-cd9a45fbef58 [2026-09-10T00:22:44.418415] Downloading build artifacts cache... (STDOUT, STG)#
#2026 09 10 00:22:51.812#Z#DEBUG#95691efe-acad-11f1-bceb-eeee0a8894dd.mycapapp-srv#flowable-async-job-executor-thread-28410#
[PollStageAppStatusExecution] 3005b015-2937-4589-811f-cd9a45fbef58 [2026-09-10T00:22:44.493256] Downloaded build artifacts cache (221B) (STDOUT, STG)#
#2026 09 10 00:22:51.812#Z#DEBUG#95691efe-acad-11f1-bceb-eeee0a8894dd.mycapapp-srv#flowable-async-job-executor-thread-28410#
[PollStageAppStatusExecution] 3005b015-2937-4589-811f-cd9a45fbef58 [2026-09-10T00:22:45.117836] Downloaded app package (5.6M) (STDOUT, STG)#
#2026 09 10 00:22:51.812#Z#DEBUG#95691efe-acad-11f1-bceb-eeee0a8894dd.mycapapp-srv#flowable-async-job-executor-thread-28410#
[PollStageAppStatusExecution] 3005b015-2937-4589-811f-cd9a45fbef58 [2026-09-10T00:22:45.232676] -----> Nodejs Buildpack version 1.9.3 (STDOUT, STG)#
#2026 09 10 00:22:51.812#Z#DEBUG#95691efe-acad-11f1-bceb-eeee0a8894dd.mycapapp-srv#flowable-async-job-executor-thread-28410#
[PollStageAppStatusExecution] 3005b015-2937-4589-811f-cd9a45fbef58 [2026-09-10T00:22:45.508176] -----> Bootstrapping python (STDOUT, STG)#
#2026 09 10 00:22:51.812#Z#DEBUG#95691efe-acad-11f1-bceb-eeee0a8894dd.mycapapp-srv#flowable-async-job-executor-thread-28410#
[PollStageAppStatusExecution] 3005b015-2937-4589-811f-cd9a45fbef58 [2026-09-10T00:22:45.508216] -----> Installing python 3.13.14 (STDOUT, STG)#
#2026 09 10 00:22:51.812#Z#DEBUG#95691efe-acad-11f1-bceb-eeee0a8894dd.mycapapp-srv#flowable-async-job-executor-thread-28410#
[PollStageAppStatusExecution] 3005b015-2937-4589-811f-cd9a45fbef58 [2026-09-10T00:22:45.508580] Copy [/tmp/buildpacks/336fb825d4d72bff/dependencies/4b4266a2ff36730aef37b88b668ca327/python_3.13.14_linux_x64_cflinuxfs4_b80d4954.tgz] (STDOUT, STG)#
#2026 09 10 00:22:51.812#Z#DEBUG#95691efe-acad-11f1-bceb-eeee0a8894dd.mycapapp-srv#flowable-async-job-executor-thread-28410#
[PollStageAppStatusExecution] 3005b015-2937-4589-811f-cd9a45fbef58 [2026-09-10T00:22:49.721180] -----> Installing binaries (STDOUT, STG)#
#2026 09 10 00:22:51.812#Z#DEBUG#95691efe-acad-11f1-bceb-eeee0a8894dd.mycapapp-srv#flowable-async-job-executor-thread-28410#
[PollStageAppStatusExecution] 3005b015-2937-4589-811f-cd9a45fbef58 [2026-09-10T00:22:49.721282] engines.node (package.json): ^24 (STDOUT, STG)#
#2026 09 10 00:22:51.812#Z#DEBUG#95691efe-acad-11f1-bceb-eeee0a8894dd.mycapapp-srv#flowable-async-job-executor-thread-28410#
[PollStageAppStatusExecution] 3005b015-2937-4589-811f-cd9a45fbef58 [2026-09-10T00:22:49.721394] engines.npm (package.json): unspecified (use default) (STDOUT, STG)#
#2026 09 10 00:22:51.812#Z#DEBUG#95691efe-acad-11f1-bceb-eeee0a8894dd.mycapapp-srv#flowable-async-job-executor-thread-28410#
[PollStageAppStatusExecution] 3005b015-2937-4589-811f-cd9a45fbef58 [2026-09-10T00:22:49.721441] -----> Installing node 24.18.0 (STDOUT, STG)#
#2026 09 10 00:22:51.812#Z#DEBUG#95691efe-acad-11f1-bceb-eeee0a8894dd.mycapapp-srv#flowable-async-job-executor-thread-28410#
[PollStageAppStatusExecution] 3005b015-2937-4589-811f-cd9a45fbef58 [2026-09-10T00:22:49.721662] Copy [/tmp/buildpacks/336fb825d4d72bff/dependencies/dffbbb835fcd073c4544f78eb6247fac/node_24.18.0_linux_x64_cflinuxfs4_cdfed650.tgz] (STDOUT, STG)#
#2026 09 10 00:23:01.813#Z#DEBUG#95691efe-acad-11f1-bceb-eeee0a8894dd.mycapapp-srv#flowable-async-job-executor-thread-28417#
[PollStageAppStatusExecution] 3005b015-2937-4589-811f-cd9a45fbef58 [2026-09-10T00:22:52.208489] Using default npm version: 11.16.0 (STDOUT, STG)#
#2026 09 10 00:23:01.813#Z#DEBUG#95691efe-acad-11f1-bceb-eeee0a8894dd.mycapapp-srv#flowable-async-job-executor-thread-28417#
[PollStageAppStatusExecution] 3005b015-2937-4589-811f-cd9a45fbef58 [2026-09-10T00:22:52.208548] -----> Installing yarn 1.22.22 (STDOUT, STG)#
#2026 09 10 00:23:01.813#Z#DEBUG#95691efe-acad-11f1-bceb-eeee0a8894dd.mycapapp-srv#flowable-async-job-executor-thread-28417#
[PollStageAppStatusExecution] 3005b015-2937-4589-811f-cd9a45fbef58 [2026-09-10T00:22:52.208572] Copy [/tmp/buildpacks/336fb825d4d72bff/dependencies/e4fe26756e9984a665478d350474fa2e/yarn_1.22.22_linux_noarch_any-stack_b6132b86.tgz] (STDOUT, STG)#
#2026 09 10 00:23:01.813#Z#DEBUG#95691efe-acad-11f1-bceb-eeee0a8894dd.mycapapp-srv#flowable-async-job-executor-thread-28417#
[PollStageAppStatusExecution] 3005b015-2937-4589-811f-cd9a45fbef58 [2026-09-10T00:22:52.591582] Installed yarn 1.22.22 (STDOUT, STG)#
#2026 09 10 00:23:01.813#Z#DEBUG#95691efe-acad-11f1-bceb-eeee0a8894dd.mycapapp-srv#flowable-async-job-executor-thread-28417#
[PollStageAppStatusExecution] 3005b015-2937-4589-811f-cd9a45fbef58 [2026-09-10T00:22:52.591611] -----> Creating runtime environment (STDOUT, STG)#
#2026 09 10 00:23:01.813#Z#DEBUG#95691efe-acad-11f1-bceb-eeee0a8894dd.mycapapp-srv#flowable-async-job-executor-thread-28417#
[PollStageAppStatusExecution] 3005b015-2937-4589-811f-cd9a45fbef58 [2026-09-10T00:22:52.593664] NODE_ENV=production (STDOUT, STG)#
#2026 09 10 00:23:01.813#Z#DEBUG#95691efe-acad-11f1-bceb-eeee0a8894dd.mycapapp-srv#flowable-async-job-executor-thread-28417#
[PollStageAppStatusExecution] 3005b015-2937-4589-811f-cd9a45fbef58 [2026-09-10T00:22:52.593695] NODE_HOME=/tmp/contents3216574516/deps/0/node (STDOUT, STG)#
#2026 09 10 00:23:01.813#Z#DEBUG#95691efe-acad-11f1-bceb-eeee0a8894dd.mycapapp-srv#flowable-async-job-executor-thread-28417#
[PollStageAppStatusExecution] 3005b015-2937-4589-811f-cd9a45fbef58 [2026-09-10T00:22:52.593698] NODE_MODULES_CACHE=true (STDOUT, STG)#
#2026 09 10 00:23:01.813#Z#DEBUG#95691efe-acad-11f1-bceb-eeee0a8894dd.mycapapp-srv#flowable-async-job-executor-thread-28417#
[PollStageAppStatusExecution] 3005b015-2937-4589-811f-cd9a45fbef58 [2026-09-10T00:22:52.593701] NODE_VERBOSE=false (STDOUT, STG)#
#2026 09 10 00:23:01.813#Z#DEBUG#95691efe-acad-11f1-bceb-eeee0a8894dd.mycapapp-srv#flowable-async-job-executor-thread-28417#
[PollStageAppStatusExecution] 3005b015-2937-4589-811f-cd9a45fbef58 [2026-09-10T00:22:52.593709] NPM_CONFIG_LOGLEVEL=error (STDOUT, STG)#
#2026 09 10 00:23:01.813#Z#DEBUG#95691efe-acad-11f1-bceb-eeee0a8894dd.mycapapp-srv#flowable-async-job-executor-thread-28417#
[PollStageAppStatusExecution] 3005b015-2937-4589-811f-cd9a45fbef58 [2026-09-10T00:22:52.593713] NPM_CONFIG_PRODUCTION=true (STDOUT, STG)#
#2026 09 10 00:23:01.813#Z#DEBUG#95691efe-acad-11f1-bceb-eeee0a8894dd.mycapapp-srv#flowable-async-job-executor-thread-28417#
[PollStageAppStatusExecution] 3005b015-2937-4589-811f-cd9a45fbef58 [2026-09-10T00:22:52.593773] -----> Building dependencies (STDOUT, STG)#
#2026 09 10 00:23:01.813#Z#DEBUG#95691efe-acad-11f1-bceb-eeee0a8894dd.mycapapp-srv#flowable-async-job-executor-thread-28417#
[PollStageAppStatusExecution] 3005b015-2937-4589-811f-cd9a45fbef58 [2026-09-10T00:22:52.593793] Prebuild detected (node_modules already exists) (STDOUT, STG)#
#2026 09 10 00:23:01.813#Z#DEBUG#95691efe-acad-11f1-bceb-eeee0a8894dd.mycapapp-srv#flowable-async-job-executor-thread-28417#
[PollStageAppStatusExecution] 3005b015-2937-4589-811f-cd9a45fbef58 [2026-09-10T00:22:52.593800] Rebuilding any native modules (STDOUT, STG)#
#2026 09 10 00:23:01.813#Z#DEBUG#95691efe-acad-11f1-bceb-eeee0a8894dd.mycapapp-srv#flowable-async-job-executor-thread-28417#
[PollStageAppStatusExecution] 3005b015-2937-4589-811f-cd9a45fbef58 [2026-09-10T00:22:53.311972] rebuilt dependencies successfully (STDOUT, STG)#
#2026 09 10 00:23:01.813#Z#DEBUG#95691efe-acad-11f1-bceb-eeee0a8894dd.mycapapp-srv#flowable-async-job-executor-thread-28417#
[PollStageAppStatusExecution] 3005b015-2937-4589-811f-cd9a45fbef58 [2026-09-10T00:22:53.313930] npm notice (STDOUT, STG)#
#2026 09 10 00:23:01.813#Z#DEBUG#95691efe-acad-11f1-bceb-eeee0a8894dd.mycapapp-srv#flowable-async-job-executor-thread-28417#
[PollStageAppStatusExecution] 3005b015-2937-4589-811f-cd9a45fbef58 [2026-09-10T00:22:53.313960] npm notice New major version of npm available! 11.16.0 -> 12.0.2 (STDOUT, STG)#
#2026 09 10 00:23:01.813#Z#DEBUG#95691efe-acad-11f1-bceb-eeee0a8894dd.mycapapp-srv#flowable-async-job-executor-thread-28417#
[PollStageAppStatusExecution] 3005b015-2937-4589-811f-cd9a45fbef58 [2026-09-10T00:22:53.313965] npm notice Changelog: https://github.com/npm/cli/releases/tag/v12.0.2 (STDOUT, STG)#
#2026 09 10 00:23:01.813#Z#DEBUG#95691efe-acad-11f1-bceb-eeee0a8894dd.mycapapp-srv#flowable-async-job-executor-thread-28417#
[PollStageAppStatusExecution] 3005b015-2937-4589-811f-cd9a45fbef58 [2026-09-10T00:22:53.313984] npm notice To update run: npm install -g npm@12.0.2 (STDOUT, STG)#
#2026 09 10 00:23:01.813#Z#DEBUG#95691efe-acad-11f1-bceb-eeee0a8894dd.mycapapp-srv#flowable-async-job-executor-thread-28417#
[PollStageAppStatusExecution] 3005b015-2937-4589-811f-cd9a45fbef58 [2026-09-10T00:22:53.313988] npm notice (STDOUT, STG)#
#2026 09 10 00:23:01.813#Z#DEBUG#95691efe-acad-11f1-bceb-eeee0a8894dd.mycapapp-srv#flowable-async-job-executor-thread-28417#
[PollStageAppStatusExecution] 3005b015-2937-4589-811f-cd9a45fbef58 [2026-09-10T00:22:53.375439] Installing any new modules (package.json + package-lock.json) (STDOUT, STG)#
#2026 09 10 00:23:01.813#Z#DEBUG#95691efe-acad-11f1-bceb-eeee0a8894dd.mycapapp-srv#flowable-async-job-executor-thread-28417#
[PollStageAppStatusExecution] 3005b015-2937-4589-811f-cd9a45fbef58 [2026-09-10T00:22:54.118845] up to date in 656ms (STDOUT, STG)#
#2026 09 10 00:23:01.813#Z#DEBUG#95691efe-acad-11f1-bceb-eeee0a8894dd.mycapapp-srv#flowable-async-job-executor-thread-28417#
[PollStageAppStatusExecution] 3005b015-2937-4589-811f-cd9a45fbef58 [2026-09-10T00:22:54.119170] 32 packages are looking for funding (STDOUT, STG)#
#2026 09 10 00:23:01.813#Z#DEBUG#95691efe-acad-11f1-bceb-eeee0a8894dd.mycapapp-srv#flowable-async-job-executor-thread-28417#
[PollStageAppStatusExecution] 3005b015-2937-4589-811f-cd9a45fbef58 [2026-09-10T00:22:54.119358] run `npm fund` for details (STDOUT, STG)#
#2026 09 10 00:23:01.813#Z#DEBUG#95691efe-acad-11f1-bceb-eeee0a8894dd.mycapapp-srv#flowable-async-job-executor-thread-28417#
[PollStageAppStatusExecution] 3005b015-2937-4589-811f-cd9a45fbef58 [2026-09-10T00:22:55.090691] Contrast Security no credentials found. Will not write environment files. (STDOUT, STG)#
#2026 09 10 00:23:11.803#Z#DEBUG#95691efe-acad-11f1-bceb-eeee0a8894dd.mycapapp-srv#flowable-async-job-executor-thread-28424#
[PollStageAppStatusExecution] 3005b015-2937-4589-811f-cd9a45fbef58 [2026-09-10T00:23:04.595334] Exit status 0 (STDOUT, STG)#
#2026 09 10 00:23:11.803#Z#DEBUG#95691efe-acad-11f1-bceb-eeee0a8894dd.mycapapp-srv#flowable-async-job-executor-thread-28424#
[PollStageAppStatusExecution] 3005b015-2937-4589-811f-cd9a45fbef58 [2026-09-10T00:23:04.595442] Uploading droplet, build artifacts cache... (STDOUT, STG)#
#2026 09 10 00:23:11.803#Z#DEBUG#95691efe-acad-11f1-bceb-eeee0a8894dd.mycapapp-srv#flowable-async-job-executor-thread-28424#
[PollStageAppStatusExecution] 3005b015-2937-4589-811f-cd9a45fbef58 [2026-09-10T00:23:04.595529] Uploading droplet... (STDOUT, STG)#
#2026 09 10 00:23:11.803#Z#DEBUG#95691efe-acad-11f1-bceb-eeee0a8894dd.mycapapp-srv#flowable-async-job-executor-thread-28424#
[PollStageAppStatusExecution] 3005b015-2937-4589-811f-cd9a45fbef58 [2026-09-10T00:23:04.595542] Uploading build artifacts cache... (STDOUT, STG)#
#2026 09 10 00:23:11.803#Z#DEBUG#95691efe-acad-11f1-bceb-eeee0a8894dd.mycapapp-srv#flowable-async-job-executor-thread-28424#
[PollStageAppStatusExecution] 3005b015-2937-4589-811f-cd9a45fbef58 [2026-09-10T00:23:04.613169] Uploaded build artifacts cache (218B) (STDOUT, STG)#
#2026 09 10 00:23:11.803#Z#DEBUG#95691efe-acad-11f1-bceb-eeee0a8894dd.mycapapp-srv#flowable-async-job-executor-thread-28424#
[PollStageAppStatusExecution] 3005b015-2937-4589-811f-cd9a45fbef58 [2026-09-10T00:23:05.274899] Creating droplet for app with guid 3005b015-2937-4589-811f-cd9a45fbef58 (STDOUT, API)#
#2026 09 10 00:23:11.803#Z#DEBUG#95691efe-acad-11f1-bceb-eeee0a8894dd.mycapapp-srv#flowable-async-job-executor-thread-28424#
[PollStageAppStatusExecution] 3005b015-2937-4589-811f-cd9a45fbef58 [2026-09-10T00:23:08.344509] Uploaded droplet (61.8M) (STDOUT, STG)#
#2026 09 10 00:23:11.803#Z#DEBUG#95691efe-acad-11f1-bceb-eeee0a8894dd.mycapapp-srv#flowable-async-job-executor-thread-28424#
[PollStageAppStatusExecution] 3005b015-2937-4589-811f-cd9a45fbef58 [2026-09-10T00:23:08.369366] Uploading complete (STDOUT, STG)#
#2026 09 10 00:23:11.803#Z#DEBUG#95691efe-acad-11f1-bceb-eeee0a8894dd.mycapapp-srv#flowable-async-job-executor-thread-28424#
[PollStageAppStatusExecution] 3005b015-2937-4589-811f-cd9a45fbef58 [2026-09-10T00:23:09.447066] Cell c839c7b1-088e-41af-b9b7-66256aacd457 stopping instance 451fec91-9574-4216-9fdd-299c38b118ce (STDOUT, STG)#
#2026 09 10 00:23:11.803#Z#DEBUG#95691efe-acad-11f1-bceb-eeee0a8894dd.mycapapp-srv#flowable-async-job-executor-thread-28424#
[PollStageAppStatusExecution] 3005b015-2937-4589-811f-cd9a45fbef58 [2026-09-10T00:23:09.447105] Cell c839c7b1-088e-41af-b9b7-66256aacd457 destroying container for instance 451fec91-9574-4216-9fdd-299c38b118ce (STDOUT, STG)#
#2026 09 10 00:23:11.803#Z#DEBUG#95691efe-acad-11f1-bceb-eeee0a8894dd.mycapapp-srv#flowable-async-job-executor-thread-28424#
[PollStageAppStatusExecution] 3005b015-2937-4589-811f-cd9a45fbef58 [2026-09-10T00:23:09.489635] Staging complete for build 451fec91-9574-4216-9fdd-299c38b118ce (STDOUT, API)#
#2026 09 10 00:23:21.864#Z#DEBUG#95691efe-acad-11f1-bceb-eeee0a8894dd.mycapapp-srv#flowable-async-job-executor-thread-23601#
[PollStartAppStatusExecution] 3005b015-2937-4589-811f-cd9a45fbef58 [2026-09-10T00:23:11.869760] Updated app with guid 3005b015-2937-4589-811f-cd9a45fbef58 ({:droplet_guid=>"a529bb6f-6f91-4ff1-875a-82e597e95f1e"}) (STDOUT, API)#
#2026 09 10 00:23:21.865#Z#DEBUG#95691efe-acad-11f1-bceb-eeee0a8894dd.mycapapp-srv#flowable-async-job-executor-thread-23601#
[PollStartAppStatusExecution] 3005b015-2937-4589-811f-cd9a45fbef58 [2026-09-10T00:23:12.141109] Creating revision for app with guid 3005b015-2937-4589-811f-cd9a45fbef58 (STDOUT, API)#
#2026 09 10 00:23:21.865#Z#DEBUG#95691efe-acad-11f1-bceb-eeee0a8894dd.mycapapp-srv#flowable-async-job-executor-thread-23601#
[PollStartAppStatusExecution] 3005b015-2937-4589-811f-cd9a45fbef58 [2026-09-10T00:23:12.204188] Starting app with guid 3005b015-2937-4589-811f-cd9a45fbef58 (STDOUT, API)#
#2026 09 10 00:23:21.865#Z#DEBUG#95691efe-acad-11f1-bceb-eeee0a8894dd.mycapapp-srv#flowable-async-job-executor-thread-23601#
[PollStartAppStatusExecution] 3005b015-2937-4589-811f-cd9a45fbef58 [2026-09-10T00:23:12.259699] Cell c839c7b1-088e-41af-b9b7-66256aacd457 successfully destroyed container for instance 451fec91-9574-4216-9fdd-299c38b118ce (STDOUT, STG)#
#2026 09 10 00:23:21.865#Z#DEBUG#95691efe-acad-11f1-bceb-eeee0a8894dd.mycapapp-srv#flowable-async-job-executor-thread-23601#
[PollStartAppStatusExecution] 3005b015-2937-4589-811f-cd9a45fbef58 [2026-09-10T00:23:12.550709] Cell 77283d80-dfa7-40ba-ba4e-265aef112085 creating container for instance 85409a50-298b-413a-47e8-6449 (STDOUT, CELL)#
#2026 09 10 00:23:21.865#Z#DEBUG#95691efe-acad-11f1-bceb-eeee0a8894dd.mycapapp-srv#flowable-async-job-executor-thread-23601#
[PollStartAppStatusExecution] 3005b015-2937-4589-811f-cd9a45fbef58 [2026-09-10T00:23:13.198588] Security group rules were updated (STDOUT, CELL)#
#2026 09 10 00:23:21.865#Z#DEBUG#95691efe-acad-11f1-bceb-eeee0a8894dd.mycapapp-srv#flowable-async-job-executor-thread-23601#
[PollStartAppStatusExecution] 3005b015-2937-4589-811f-cd9a45fbef58 [2026-09-10T00:23:13.278377] Cell 77283d80-dfa7-40ba-ba4e-265aef112085 successfully created container for instance 85409a50-298b-413a-47e8-6449 (STDOUT, CELL)#
#2026 09 10 00:23:21.865#Z#DEBUG#95691efe-acad-11f1-bceb-eeee0a8894dd.mycapapp-srv#flowable-async-job-executor-thread-23601#
[PollStartAppStatusExecution] 3005b015-2937-4589-811f-cd9a45fbef58 [2026-09-10T00:23:13.820991] Downloading droplet... (STDOUT, CELL)#
#2026 09 10 00:23:21.865#Z#DEBUG#95691efe-acad-11f1-bceb-eeee0a8894dd.mycapapp-srv#flowable-async-job-executor-thread-23601#
[PollStartAppStatusExecution] 3005b015-2937-4589-811f-cd9a45fbef58 [2026-09-10T00:23:17.798088] Downloaded droplet (61.8M) (STDOUT, CELL)#
#2026 09 10 00:23:21.865#Z#DEBUG#95691efe-acad-11f1-bceb-eeee0a8894dd.mycapapp-srv#flowable-async-job-executor-thread-23601#
[PollStartAppStatusExecution] 3005b015-2937-4589-811f-cd9a45fbef58 [2026-09-10T00:23:17.798320] Starting health monitoring of container (STDOUT, CELL)#
#2026 09 10 00:23:21.865#Z#DEBUG#95691efe-acad-11f1-bceb-eeee0a8894dd.mycapapp-srv#flowable-async-job-executor-thread-23601#
[PollStartAppStatusExecution] 3005b015-2937-4589-811f-cd9a45fbef58 [2026-09-10T00:23:17.903638] Invoking pre-start scripts. (STDOUT, APP/PROC/WEB)#
#2026 09 10 00:23:21.865#Z#DEBUG#95691efe-acad-11f1-bceb-eeee0a8894dd.mycapapp-srv#flowable-async-job-executor-thread-23601#
[PollStartAppStatusExecution] 3005b015-2937-4589-811f-cd9a45fbef58 [2026-09-10T00:23:18.130529] Invoking start command. (STDOUT, APP/PROC/WEB)#
#2026 09 10 00:23:21.865#Z#DEBUG#95691efe-acad-11f1-bceb-eeee0a8894dd.mycapapp-srv#flowable-async-job-executor-thread-23601#
[PollStartAppStatusExecution] 3005b015-2937-4589-811f-cd9a45fbef58 [2026-09-10T00:23:18.607963] > mycapapp@1.0.0 start (STDOUT, APP/PROC/WEB)#
#2026 09 10 00:23:21.865#Z#DEBUG#95691efe-acad-11f1-bceb-eeee0a8894dd.mycapapp-srv#flowable-async-job-executor-thread-23601#
[PollStartAppStatusExecution] 3005b015-2937-4589-811f-cd9a45fbef58 [2026-09-10T00:23:18.608052] > cds-serve (STDOUT, APP/PROC/WEB)#
#2026 09 10 00:23:21.865#Z#DEBUG#95691efe-acad-11f1-bceb-eeee0a8894dd.mycapapp-srv#flowable-async-job-executor-thread-23601#
[PollStartAppStatusExecution] 3005b015-2937-4589-811f-cd9a45fbef58 [2026-09-10T00:23:19.096749] {"level":"info","logger":"cds","timestamp":"2026-09-10T00:23:19.095Z","layer":"cds","component_type":"application","container_id":"10.32.3.6","component_id":"3005b015-2937-4589-811f-cd9a45fbef58","component_name":"mycapapp-srv","component_instance":0,"source_instance":0,"organization_name":"18f2d7c5trial","organization_id":"8dcffcde-077b-4676-b7c4-6202b5503e6c","space_name":"dev","space_id":"e0b56b85-8b5c-4827-aaef-5eb4adf02e14","msg":"loaded model from 1 file(s):\n ","type":"log"} (STDOUT, APP/PROC/WEB)#
#2026 09 10 00:23:21.865#Z#DEBUG#95691efe-acad-11f1-bceb-eeee0a8894dd.mycapapp-srv#flowable-async-job-executor-thread-23601#
[PollStartAppStatusExecution] 3005b015-2937-4589-811f-cd9a45fbef58 [2026-09-10T00:23:19.097079] srv/csn.json (STDOUT, APP/PROC/WEB)#
#2026 09 10 00:23:21.865#Z#DEBUG#95691efe-acad-11f1-bceb-eeee0a8894dd.mycapapp-srv#flowable-async-job-executor-thread-23601#
[PollStartAppStatusExecution] 3005b015-2937-4589-811f-cd9a45fbef58 [2026-09-10T00:23:19.403341] {"level":"info","logger":"cds","timestamp":"2026-09-10T00:23:19.402Z","layer":"cds","component_type":"application","container_id":"10.32.3.6","component_id":"3005b015-2937-4589-811f-cd9a45fbef58","component_name":"mycapapp-srv","component_instance":0,"source_instance":0,"organization_name":"18f2d7c5trial","organization_id":"8dcffcde-077b-4676-b7c4-6202b5503e6c","space_name":"dev","space_id":"e0b56b85-8b5c-4827-aaef-5eb4adf02e14","msg":"connect to db > hana {\n  database_id: 'e56bf288-b2b4-4a52-88b3-b6c56c599e3d',\n  host: 'e56bf288-b2b4-4a52-88b3-b6c56c599e3d.hna0.prod-us10.hanacloud.ondemand.com',\n  port: '443',\n  driver: 'com.sap.db.jdbc.Driver',\n  url: 'jdbc:sap://e56bf288-b2b4-4a52-88b3-b6c56c599e3d.hna0.prod-us10.hanacloud.ondemand.com:443?encrypt=true&validateCertificate=true&currentschema=E12BDA7236DD4FC8ADEFF48F9F92BFDB',\n  schema: 'E12BDA7236DD4FC8ADEFF48F9F92BFDB',\n  certificate: '...',\n  hdi_user: 'E12BDA7236DD4FC8ADEFF48F9F92BFDB_9WORLKUDZ4NF9BFUKV1W2VXVJ_DT',\n  hdi_password: '...',\n  user: 'E12BDA7236DD4FC8ADEFF48F9F92BFDB_9WORLKUDZ4NF9BFUKV1W2VXVJ_RT',\n  password: '...'\n}","type":"log"} (STDOUT, APP/PROC/WEB)#
#2026 09 10 00:23:21.865#Z#DEBUG#95691efe-acad-11f1-bceb-eeee0a8894dd.mycapapp-srv#flowable-async-job-executor-thread-23601#
[PollStartAppStatusExecution] 3005b015-2937-4589-811f-cd9a45fbef58 [2026-09-10T00:23:19.439501] {"level":"info","logger":"cds","timestamp":"2026-09-10T00:23:19.438Z","layer":"cds","component_type":"application","container_id":"10.32.3.6","component_id":"3005b015-2937-4589-811f-cd9a45fbef58","component_name":"mycapapp-srv","component_instance":0,"source_instance":0,"organization_name":"18f2d7c5trial","organization_id":"8dcffcde-077b-4676-b7c4-6202b5503e6c","space_name":"dev","space_id":"e0b56b85-8b5c-4827-aaef-5eb4adf02e14","msg":"using auth strategy { kind: 'xsuaa' }","type":"log"} (STDOUT, APP/PROC/WEB)#
#2026 09 10 00:23:21.865#Z#DEBUG#95691efe-acad-11f1-bceb-eeee0a8894dd.mycapapp-srv#flowable-async-job-executor-thread-23601#
[PollStartAppStatusExecution] 3005b015-2937-4589-811f-cd9a45fbef58 [2026-09-10T00:23:19.495243] {"level":"info","logger":"cds","timestamp":"2026-09-10T00:23:19.494Z","layer":"cds","component_type":"application","container_id":"10.32.3.6","component_id":"3005b015-2937-4589-811f-cd9a45fbef58","component_name":"mycapapp-srv","component_instance":0,"source_instance":0,"organization_name":"18f2d7c5trial","organization_id":"8dcffcde-077b-4676-b7c4-6202b5503e6c","space_name":"dev","space_id":"e0b56b85-8b5c-4827-aaef-5eb4adf02e14","msg":"serving CDSService {\n  at: [ '/odata/v4/CDSService' ],\n  decl: 'srv/csn.json:1261',\n  impl: 'srv/CDSService.js'\n}","type":"log"} (STDOUT, APP/PROC/WEB)#
#2026 09 10 00:23:21.865#Z#DEBUG#95691efe-acad-11f1-bceb-eeee0a8894dd.mycapapp-srv#flowable-async-job-executor-thread-23601#
[PollStartAppStatusExecution] 3005b015-2937-4589-811f-cd9a45fbef58 [2026-09-10T00:23:19.496603] {"level":"info","logger":"cds","timestamp":"2026-09-10T00:23:19.496Z","layer":"cds","component_type":"application","container_id":"10.32.3.6","component_id":"3005b015-2937-4589-811f-cd9a45fbef58","component_name":"mycapapp-srv","component_instance":0,"source_instance":0,"organization_name":"18f2d7c5trial","organization_id":"8dcffcde-077b-4676-b7c4-6202b5503e6c","space_name":"dev","space_id":"e0b56b85-8b5c-4827-aaef-5eb4adf02e14","msg":"serving CatelogService {\n  at: [ '/odata/v4/CatelogService' ],\n  decl: 'srv/csn.json:1414',\n  impl: 'srv/CatelogService.js'\n}","type":"log"} (STDOUT, APP/PROC/WEB)#
#2026 09 10 00:23:21.865#Z#DEBUG#95691efe-acad-11f1-bceb-eeee0a8894dd.mycapapp-srv#flowable-async-job-executor-thread-23601#
[PollStartAppStatusExecution] 3005b015-2937-4589-811f-cd9a45fbef58 [2026-09-10T00:23:19.497608] {"level":"info","logger":"cds","timestamp":"2026-09-10T00:23:19.497Z","layer":"cds","component_type":"application","container_id":"10.32.3.6","component_id":"3005b015-2937-4589-811f-cd9a45fbef58","component_name":"mycapapp-srv","component_instance":0,"source_instance":0,"organization_name":"18f2d7c5trial","organization_id":"8dcffcde-077b-4676-b7c4-6202b5503e6c","space_name":"dev","space_id":"e0b56b85-8b5c-4827-aaef-5eb4adf02e14","msg":"serving MyService {\n  at: [ '/odata/v4/MyService' ],\n  decl: 'srv/csn.json:2666',\n  impl: 'srv/MyService.js'\n}","type":"log"} (STDOUT, APP/PROC/WEB)#
#2026 09 10 00:23:21.865#Z#DEBUG#95691efe-acad-11f1-bceb-eeee0a8894dd.mycapapp-srv#flowable-async-job-executor-thread-23601#
[PollStartAppStatusExecution] 3005b015-2937-4589-811f-cd9a45fbef58 [2026-09-10T00:23:19.503859] {"level":"info","logger":"cds","timestamp":"2026-09-10T00:23:19.503Z","layer":"cds","component_type":"application","container_id":"10.32.3.6","component_id":"3005b015-2937-4589-811f-cd9a45fbef58","component_name":"mycapapp-srv","component_instance":0,"source_instance":0,"organization_name":"18f2d7c5trial","organization_id":"8dcffcde-077b-4676-b7c4-6202b5503e6c","space_name":"dev","space_id":"e0b56b85-8b5c-4827-aaef-5eb4adf02e14","msg":"server listening on { url: 'http://localhost:8080' }","type":"log"} (STDOUT, APP/PROC/WEB)#
#2026 09 10 00:23:21.865#Z#DEBUG#95691efe-acad-11f1-bceb-eeee0a8894dd.mycapapp-srv#flowable-async-job-executor-thread-23601#
[PollStartAppStatusExecution] 3005b015-2937-4589-811f-cd9a45fbef58 [2026-09-10T00:23:19.505512] {"level":"info","logger":"cds","timestamp":"2026-09-10T00:23:19.505Z","layer":"cds","component_type":"application","container_id":"10.32.3.6","component_id":"3005b015-2937-4589-811f-cd9a45fbef58","component_name":"mycapapp-srv","component_instance":0,"source_instance":0,"organization_name":"18f2d7c5trial","organization_id":"8dcffcde-077b-4676-b7c4-6202b5503e6c","space_name":"dev","space_id":"e0b56b85-8b5c-4827-aaef-5eb4adf02e14","msg":"server v9.9.3 launched in 883 ms","type":"log"} (STDOUT, APP/PROC/WEB)#
#2026 09 10 00:23:21.865#Z#DEBUG#95691efe-acad-11f1-bceb-eeee0a8894dd.mycapapp-srv#flowable-async-job-executor-thread-23601#
[PollStartAppStatusExecution] 3005b015-2937-4589-811f-cd9a45fbef58 [2026-09-10T00:23:20.752594] Container became healthy (STDOUT, CELL)#
#2026 09 10 00:23:21.865#Z#DEBUG#95691efe-acad-11f1-bceb-eeee0a8894dd.mycapapp-srv#flowable-async-job-executor-thread-23601#
[PollStartAppStatusExecution] 3005b015-2937-4589-811f-cd9a45fbef58 [2026-09-10T00:23:20.777919] Process became ready with guid 3005b015-2937-4589-811f-cd9a45fbef58 payload: {"instance"=>"85409a50-298b-413a-47e8-6449", "index"=>0, "cell_id"=>"77283d80-dfa7-40ba-ba4e-265aef112085", "ready"=>true, "version"=>"5cb8df53-30e7-4738-9d2b-824646a252f8"} (STDOUT, API)#
